0xf38 N 0xf3c
0xffc N 0x1000
0xffc N 0x1000
0xf38 N 0xf3c
0x82e8 N 0x82ec
0xf38 N 0xf3c
0xf38 N 0xf3c
0xc6c3f8 N 0xc6c3fc
0x5274 N 0x5278
0xf38 N 0xf3c
0xf38 N 0xf3c
0x8f878a0 N 0x8f878a4
0xf38 N 0xf3c
0x5274 N 0x5278
0xc6c3f8 N 0xc6c3fc
0xc6c3f8 N 0xc6c3fc
0xffc N 0x1000
0xffc N 0x1000
0x82e8 N 0x82ec
0xc6c3f8 N 0xc6c3fc
0x82e8 N 0x82ec
0xf38 N 0xf3c
0x82e8 N 0x82ec
0xf38 N 0xf3c
0x8f878a0 N 0x8f878a4
0x5274 N 0x5278
0xf38 N 0xf3c
0x5274 N 0x5278
0x8f878a0 N 0x8f878a4
0x5274 N 0x5278
0xffc N 0x1000
0x8f878a0 N 0x8f878a4
0x82e8 N 0x82ec
0xf38 N 0xf3c
0x5274 N 0x5278
0x8f878a0 N 0x8f878a4
0x82e8 N 0x82ec
0x82e8 N 0x82ec
0xf38 N 0xf3c
0xc6c3f8 N 0xc6c3fc
0x82e8 N 0x82ec
0x8f878a0 N 0x8f878a4
0xc6c3f8 N 0xc6c3fc
0x8f878a0 N 0x8f878a4
0x82e8 N 0x82ec
0x5274 N 0x5278
0xf38 N 0xf3c
0x5274 N 0x5278
0xffc N 0x1000
0xf38 N 0xf3c
0x5274 N 0x5278
0x5274 N 0x5278
0x8f878a0 N 0x8f878a4
0x5274 N 0x5278
0x8f878a0 N 0x8f878a4
0x82e8 N 0x82ec
0x5274 N 0x5278
0x8f878a0 N 0x8f878a4
0x82e8 N 0x82ec
0xffc N 0x1000
0x8f878a0 N 0x8f878a4
0x8f878a0 N 0x8f878a4
0x8f878a0 N 0x8f878a4
0xc6c3f8 N 0xc6c3fc
0xffc N 0x1000
0x5274 N 0x5278
0xffc N 0x1000
0x5274 N 0x5278
0xf38 N 0xf3c
0x5274 N 0x5278
0xc6c3f8 N 0xc6c3fc
0xffc N 0x1000
0x5274 N 0x5278
0xc6c3f8 N 0xc6c3fc
0x8f878a0 N 0x8f878a4
0xc6c3f8 N 0xc6c3fc
0x5274 N 0x5278
0x5274 N 0x5278
0xc6c3f8 N 0xc6c3fc
0x8f878a0 N 0x8f878a4
0xf38 N 0xf3c
0x82e8 N 0x82ec
0xffc N 0x1000
0xc6c3f8 N 0xc6c3fc
0xc6c3f8 N 0xc6c3fc
0x8f878a0 N 0x8f878a4
0xffc N 0x1000
0xc6c3f8 N 0xc6c3fc
0xc6c3f8 N 0xc6c3fc
0x5274 N 0x5278
0x5274 N 0x5278
0xc6c3f8 N 0xc6c3fc
0xf38 N 0xf3c
0x82e8 N 0x82ec
0x5274 N 0x5278
0x8f878a0 N 0x8f878a4
0x8f878a0 N 0x8f878a4
0x8f878a0 N 0x8f878a4
0xffc N 0x1000
0x82e8 N 0x82ec
0x82e8 N 0x82ec
0x8f878a0 N 0x8f878a4
0xc6c3f8 N 0xc6c3fc
0x82e8 N 0x82ec
0x5274 N 0x5278
0xffc N 0x1000
0xffc N 0x1000
0xffc N 0x1000
0x8f878a0 N 0x8f878a4
0x82e8 N 0x82ec
0x8f878a0 N 0x8f878a4
0x82e8 N 0x82ec
0xc6c3f8 N 0xc6c3fc
0xffc N 0x1000
0xffc N 0x1000
0x8f878a0 N 0x8f878a4
0x82e8 N 0x82ec
0xf38 N 0xf3c
0xc6c3f8 N 0xc6c3fc
0x5274 N 0x5278
0x82e8 N 0x82ec
0x82e8 N 0x82ec
0x82e8 N 0x82ec
0xf38 N 0xf3c
0xc6c3f8 N 0xc6c3fc
0xc6c3f8 N 0xc6c3fc
0xc6c3f8 N 0xc6c3fc
0xf38 N 0xf3c
0x5274 N 0x5278
0xf38 N 0xf3c
0x8f878a0 N 0x8f878a4
0x8f878a0 N 0x8f878a4
0x8f878a0 N 0x8f878a4
0x8f878a0 N 0x8f878a4
0xf38 N 0xf3c
0x82e8 N 0x82ec
0x8f878a0 N 0x8f878a4
0xf38 N 0xf3c
0xffc N 0x1000
0x82e8 N 0x82ec
0xf38 N 0xf3c
0xffc N 0x1000
0xffc N 0x1000
0x5274 N 0x5278
0x5274 N 0x5278
0xffc N 0x1000
0xf38 N 0xf3c
0x82e8 N 0x82ec
0x8f878a0 N 0x8f878a4
0x5274 N 0x5278
0xc6c3f8 N 0xc6c3fc
0xf38 N 0xf3c
0x82e8 N 0x82ec
0xf38 N 0xf3c
0x5274 N 0x5278
0xf38 N 0xf3c
0xf38 N 0xf3c
0xffc N 0x1000
0xffc N 0x1000
0x82e8 N 0x82ec
0xf38 N 0xf3c
0x8f878a0 N 0x8f878a4
0x5274 N 0x5278
0xffc N 0x1000
0x82e8 N 0x82ec
0xf38 N 0xf3c
0xf38 N 0xf3c
0xf38 N 0xf3c
0xc6c3f8 N 0xc6c3fc
0x5274 N 0x5278
0x8f878a0 N 0x8f878a4
0x8f878a0 N 0x8f878a4
0xc6c3f8 N 0xc6c3fc
0xf38 N 0xf3c
0x82e8 N 0x82ec
0x8f878a0 N 0x8f878a4
0xffc N 0x1000
0x5274 N 0x5278
0x8f878a0 N 0x8f878a4
0x5274 N 0x5278
0xf38 N 0xf3c
0x8f878a0 N 0x8f878a4
0xffc N 0x1000
0x82e8 N 0x82ec
0x5274 N 0x5278
0x82e8 N 0x82ec
0xc6c3f8 N 0xc6c3fc
0xf38 N 0xf3c
0x82e8 N 0x82ec
0x8f878a0 N 0x8f878a4
0x8f878a0 N 0x8f878a4
0xffc N 0x1000
0xffc N 0x1000
0x5274 N 0x5278
0x5274 N 0x5278
0x8f878a0 N 0x8f878a4
0x8f878a0 N 0x8f878a4
0xf38 N 0xf3c
0x82e8 N 0x82ec
0xf38 N 0xf3c
0x8f878a0 N 0x8f878a4
0xffc N 0x1000
0xffc N 0x1000
0xc6c3f8 N 0xc6c3fc
0xffc N 0x1000
0x5274 N 0x5278
0xc6c3f8 N 0xc6c3fc
0x5274 N 0x5278
0x5274 N 0x5278
0xffc N 0x1000
0x82e8 N 0x82ec
0x8f878a0 N 0x8f878a4
0xf38 N 0xf3c
0x82e8 N 0x82ec
0x5274 N 0x5278
0x8f878a0 N 0x8f878a4
0x82e8 N 0x82ec
0x8f878a0 N 0x8f878a4
0xf38 N 0xf3c
0x82e8 N 0x82ec
0xc6c3f8 N 0xc6c3fc
0x5274 N 0x5278
0xffc N 0x1000
0x8f878a0 N 0x8f878a4
0xffc N 0x1000
0xf38 N 0xf3c
0xffc N 0x1000
0x5274 N 0x5278
0xf38 N 0xf3c
0xffc N 0x1000
0x8f878a0 N 0x8f878a4
0xf38 N 0xf3c
0xffc N 0x1000
0x8f878a0 N 0x8f878a4
0xffc N 0x1000
0x8f878a0 N 0x8f878a4
0x8f878a0 N 0x8f878a4
0x5274 N 0x5278
0x82e8 N 0x82ec
0xf38 N 0xf3c
0x8f878a0 N 0x8f878a4
0xf38 N 0xf3c
0x5274 N 0x5278
0x82e8 N 0x82ec
0x8f878a0 N 0x8f878a4
0x5274 N 0x5278
0x82e8 N 0x82ec
0xf38 N 0xf3c
0x5274 N 0x5278
0xf38 N 0xf3c
0xf38 N 0xf3c
0x5274 N 0x5278
0x82e8 N 0x82ec
0xf38 N 0xf3c
0xffc N 0x1000
0x82e8 N 0x82ec
0x5274 N 0x5278
0x5274 N 0x5278
0xc6c3f8 N 0xc6c3fc
0x5274 N 0x5278
0x8f878a0 N 0x8f878a4
0xf38 N 0xf3c
0x82e8 N 0x82ec
0x8f878a0 N 0x8f878a4
0x82e8 N 0x82ec
0x8f878a0 N 0x8f878a4
0x82e8 N 0x82ec
0x8f878a0 N 0x8f878a4
0x82e8 N 0x82ec
0x82e8 N 0x82ec
0x8f878a0 N 0x8f878a4
0xf38 N 0xf3c
0x8f878a0 N 0x8f878a4
0xc6c3f8 N 0xc6c3fc
0xffc N 0x1000
0x5274 N 0x5278
0xffc N 0x1000
0xc6c3f8 N 0xc6c3fc
0x82e8 N 0x82ec
0x82e8 N 0x82ec
0x8f878a0 N 0x8f878a4
0x5274 N 0x5278
0xc6c3f8 N 0xc6c3fc
0xf38 N 0xf3c
0x82e8 N 0x82ec
0x5274 N 0x5278
0xc6c3f8 N 0xc6c3fc
0x5274 N 0x5278
0xf38 N 0xf3c
0x8f878a0 N 0x8f878a4
0xc6c3f8 N 0xc6c3fc
0x5274 N 0x5278
0x8f878a0 N 0x8f878a4
0xffc N 0x1000
0xffc N 0x1000
0x5274 N 0x5278
0x5274 N 0x5278
0x5274 N 0x5278
0x82e8 N 0x82ec
0x5274 N 0x5278
0x82e8 N 0x82ec
0x8f878a0 N 0x8f878a4
0xffc N 0x1000
0xf38 N 0xf3c
0xffc N 0x1000
0xc6c3f8 N 0xc6c3fc
0xffc N 0x1000
0x82e8 N 0x82ec
0xffc N 0x1000
0xf38 N 0xf3c
0xc6c3f8 N 0xc6c3fc
0xf38 N 0xf3c
0x5274 N 0x5278
0x5274 N 0x5278
0xf38 N 0xf3c
0x8f878a0 N 0x8f878a4
0x8f878a0 N 0x8f878a4
0xffc N 0x1000
0xf38 N 0xf3c
0x8f878a0 N 0x8f878a4
0xc6c3f8 N 0xc6c3fc
0xffc N 0x1000
0xf38 N 0xf3c
0xffc N 0x1000
0x82e8 N 0x82ec
0xc6c3f8 N 0xc6c3fc
0xc6c3f8 N 0xc6c3fc
0x82e8 N 0x82ec
0x82e8 N 0x82ec
0x5274 N 0x5278
0x8f878a0 N 0x8f878a4
0xf38 N 0xf3c
0x5274 N 0x5278
0xffc N 0x1000
0x5274 N 0x5278
0x8f878a0 N 0x8f878a4
0x82e8 N 0x82ec
0x5274 N 0x5278
0x8f878a0 N 0x8f878a4
0x5274 N 0x5278
0xf38 N 0xf3c
0xc6c3f8 N 0xc6c3fc
0x8f878a0 N 0x8f878a4
0x82e8 N 0x82ec
0xffc N 0x1000
0x5274 N 0x5278
0xc6c3f8 N 0xc6c3fc
0xffc N 0x1000
0x8f878a0 N 0x8f878a4
0xc6c3f8 N 0xc6c3fc
0xffc N 0x1000
0x82e8 N 0x82ec
0xf38 N 0xf3c
0x8f878a0 N 0x8f878a4
0x8f878a0 N 0x8f878a4
0x8f878a0 N 0x8f878a4
0xf38 N 0xf3c
0xf38 N 0xf3c
0xffc N 0x1000
0xf38 N 0xf3c
0xffc N 0x1000
0x8f878a0 N 0x8f878a4
0xc6c3f8 N 0xc6c3fc
0x82e8 N 0x82ec
0x5274 N 0x5278
0xc6c3f8 N 0xc6c3fc
0x5274 N 0x5278
0xffc N 0x1000
0xc6c3f8 N 0xc6c3fc
0xf38 N 0xf3c
0x5274 N 0x5278
0x82e8 N 0x82ec
0xffc N 0x1000
0x82e8 N 0x82ec
0xc6c3f8 N 0xc6c3fc
0x5274 N 0x5278
0x5274 N 0x5278
0x8f878a0 N 0x8f878a4
0x8f878a0 N 0x8f878a4
0xf38 N 0xf3c
0xc6c3f8 N 0xc6c3fc
0x8f878a0 N 0x8f878a4
0xffc N 0x1000
0x8f878a0 N 0x8f878a4
0x82e8 N 0x82ec
0xffc N 0x1000
0xffc N 0x1000
0xc6c3f8 N 0xc6c3fc
0xf38 N 0xf3c
0x82e8 N 0x82ec
0xffc N 0x1000
0xffc N 0x1000
0x5274 N 0x5278
0xffc N 0x1000
0x8f878a0 N 0x8f878a4
0x5274 N 0x5278
0xf38 N 0xf3c
0xf38 N 0xf3c
0x5274 N 0x5278
0x82e8 N 0x82ec
0xffc N 0x1000
0x82e8 N 0x82ec
0x8f878a0 N 0x8f878a4
0xf38 N 0xf3c
0xffc N 0x1000
0x8f878a0 N 0x8f878a4
0xc6c3f8 N 0xc6c3fc
0xffc N 0x1000
0x5274 N 0x5278
0xc6c3f8 N 0xc6c3fc
0xf38 N 0xf3c
0x5274 N 0x5278
0x82e8 N 0x82ec
0xc6c3f8 N 0xc6c3fc
0x5274 N 0x5278
0xffc N 0x1000
0x8f878a0 N 0x8f878a4
0x5274 N 0x5278
0x5274 N 0x5278
0xf38 N 0xf3c
0x5274 N 0x5278
0x82e8 N 0x82ec
0x8f878a0 N 0x8f878a4
0xffc N 0x1000
0x5274 N 0x5278
0x5274 N 0x5278
0xffc N 0x1000
0xf38 N 0xf3c
0xf38 N 0xf3c
0xc6c3f8 N 0xc6c3fc
0xf38 N 0xf3c
0x5274 N 0x5278
0xffc N 0x1000
0x5274 N 0x5278
0x5274 N 0x5278
0xc6c3f8 N 0xc6c3fc
0xc6c3f8 N 0xc6c3fc
0xc6c3f8 N 0xc6c3fc
0x8f878a0 N 0x8f878a4
0xc6c3f8 N 0xc6c3fc
0xffc N 0x1000
0x82e8 N 0x82ec
0x8f878a0 N 0x8f878a4
0xffc N 0x1000
0x5274 N 0x5278
0x8f878a0 N 0x8f878a4
0x82e8 N 0x82ec
0x8f878a0 N 0x8f878a4
0x5274 N 0x5278
0x8f878a0 N 0x8f878a4
0xffc N 0x1000
0x82e8 N 0x82ec
0xc6c3f8 N 0xc6c3fc
0x5274 N 0x5278
0x82e8 N 0x82ec
0x82e8 N 0x82ec
0x8f878a0 N 0x8f878a4
0x5274 N 0x5278
0x8f878a0 N 0x8f878a4
0x8f878a0 N 0x8f878a4
0xffc N 0x1000
0x5274 N 0x5278
0xc6c3f8 N 0xc6c3fc
0xc6c3f8 N 0xc6c3fc
0xc6c3f8 N 0xc6c3fc
0xc6c3f8 N 0xc6c3fc
0x5274 N 0x5278
0xffc N 0x1000
0x8f878a0 N 0x8f878a4
0x5274 N 0x5278
0x8f878a0 N 0x8f878a4
0x8f878a0 N 0x8f878a4
0x82e8 N 0x82ec
0xc6c3f8 N 0xc6c3fc
0x82e8 N 0x82ec
0xffc N 0x1000
0x8f878a0 N 0x8f878a4
0xf38 N 0xf3c
0x5274 N 0x5278
0x5274 N 0x5278
0xf38 N 0xf3c
0xf38 N 0xf3c
0xc6c3f8 N 0xc6c3fc
0x8f878a0 N 0x8f878a4
0x5274 N 0x5278
0xffc N 0x1000
0xffc N 0x1000
0xffc N 0x1000
0xf38 N 0xf3c
0xffc N 0x1000
0x82e8 N 0x82ec
0x8f878a0 N 0x8f878a4
0xc6c3f8 N 0xc6c3fc
0x8f878a0 N 0x8f878a4
0x5274 N 0x5278
0xf38 N 0xf3c
0x82e8 N 0x82ec
0x8f878a0 N 0x8f878a4
0xffc N 0x1000
0x8f878a0 N 0x8f878a4
0xc6c3f8 N 0xc6c3fc
0x82e8 N 0x82ec
0x8f878a0 N 0x8f878a4
0x5274 N 0x5278
0x5274 N 0x5278
0x82e8 N 0x82ec
0x8f878a0 N 0x8f878a4
0xc6c3f8 N 0xc6c3fc
0x8f878a0 N 0x8f878a4
0xffc N 0x1000
0xc6c3f8 N 0xc6c3fc
0x8f878a0 N 0x8f878a4
0x5274 N 0x5278
0x5274 N 0x5278
0x8f878a0 N 0x8f878a4
0x82e8 N 0x82ec
0xc6c3f8 N 0xc6c3fc
0x8f878a0 N 0x8f878a4
0xffc N 0x1000
0x82e8 N 0x82ec
0xc6c3f8 N 0xc6c3fc
0xffc N 0x1000
0xf38 N 0xf3c
0xffc N 0x1000
0xf38 N 0xf3c
0xc6c3f8 N 0xc6c3fc
0x5274 N 0x5278
0x82e8 N 0x82ec
0xf38 N 0xf3c
0xffc N 0x1000
0xffc N 0x1000
0x5274 N 0x5278
0x8f878a0 N 0x8f878a4
0xc6c3f8 N 0xc6c3fc
0xc6c3f8 N 0xc6c3fc
0xc6c3f8 N 0xc6c3fc
0x8f878a0 N 0x8f878a4
0xf38 N 0xf3c
0xffc N 0x1000
0xf38 N 0xf3c
0xf38 N 0xf3c
0x5274 N 0x5278
0x5274 N 0x5278
0x8f878a0 N 0x8f878a4
0x82e8 N 0x82ec
0xc6c3f8 N 0xc6c3fc
0x82e8 N 0x82ec
0x8f878a0 N 0x8f878a4
0xf38 N 0xf3c
0xc6c3f8 N 0xc6c3fc
0xf38 N 0xf3c
0xc6c3f8 N 0xc6c3fc
0x82e8 N 0x82ec
0xc6c3f8 N 0xc6c3fc
0xc6c3f8 N 0xc6c3fc
0xc6c3f8 N 0xc6c3fc
0xf38 N 0xf3c
0x8f878a0 N 0x8f878a4
0xffc N 0x1000
0xc6c3f8 N 0xc6c3fc
0x5274 N 0x5278
0x82e8 N 0x82ec
0xc6c3f8 N 0xc6c3fc
0xffc N 0x1000
0x5274 N 0x5278
0xffc N 0x1000
0x5274 N 0x5278
0x8f878a0 N 0x8f878a4
0xffc N 0x1000
0xf38 N 0xf3c
0xc6c3f8 N 0xc6c3fc
0x82e8 N 0x82ec
0xf38 N 0xf3c
0xffc N 0x1000
0xc6c3f8 N 0xc6c3fc
0xf38 N 0xf3c
0xc6c3f8 N 0xc6c3fc
0xc6c3f8 N 0xc6c3fc
0xf38 N 0xf3c
0x5274 N 0x5278
0xf38 N 0xf3c
0xf38 N 0xf3c
0x8f878a0 N 0x8f878a4
0x82e8 N 0x82ec
0xc6c3f8 N 0xc6c3fc
0xf38 N 0xf3c
0x8f878a0 N 0x8f878a4
0x8f878a0 N 0x8f878a4
0xffc N 0x1000
0xffc N 0x1000
0x82e8 N 0x82ec
0xf38 N 0xf3c
0x5274 N 0x5278
0x82e8 N 0x82ec
0x8f878a0 N 0x8f878a4
0x8f878a0 N 0x8f878a4
0x8f878a0 N 0x8f878a4
0x8f878a0 N 0x8f878a4
0xf38 N 0xf3c
0x82e8 N 0x82ec
0xffc N 0x1000
0x8f878a0 N 0x8f878a4
0xffc N 0x1000
0x5274 N 0x5278
0xf38 N 0xf3c
0xc6c3f8 N 0xc6c3fc
0xf38 N 0xf3c
0x5274 N 0x5278
0xc6c3f8 N 0xc6c3fc
0x5274 N 0x5278
0x82e8 N 0x82ec
0x82e8 N 0x82ec
0xf38 N 0xf3c
0xffc N 0x1000
0xffc N 0x1000
0xffc N 0x1000
0x8f878a0 N 0x8f878a4
0x82e8 N 0x82ec
0x8f878a0 N 0x8f878a4
0xf38 N 0xf3c
0x82e8 N 0x82ec
0xc6c3f8 N 0xc6c3fc
0xc6c3f8 N 0xc6c3fc
0x8f878a0 N 0x8f878a4
0xf38 N 0xf3c
0xc6c3f8 N 0xc6c3fc
0x82e8 N 0x82ec
0xffc N 0x1000
0x5274 N 0x5278
0x82e8 N 0x82ec
0x82e8 N 0x82ec
0xf38 N 0xf3c
0xffc N 0x1000
0x5274 N 0x5278
0x8f878a0 N 0x8f878a4
0xf38 N 0xf3c
0x8f878a0 N 0x8f878a4
0xf38 N 0xf3c
0xffc N 0x1000
0x5274 N 0x5278
0x8f878a0 N 0x8f878a4
0x8f878a0 N 0x8f878a4
0xffc N 0x1000
0xffc N 0x1000
0x5274 N 0x5278
0x5274 N 0x5278
0x82e8 N 0x82ec
0x8f878a0 N 0x8f878a4
0xffc N 0x1000
0xf38 N 0xf3c
0xf38 N 0xf3c
0x5274 N 0x5278
0xc6c3f8 N 0xc6c3fc
0xffc N 0x1000
0x82e8 N 0x82ec
0x8f878a0 N 0x8f878a4
0xc6c3f8 N 0xc6c3fc
0x5274 N 0x5278
0x5274 N 0x5278
0x8f878a0 N 0x8f878a4
0x8f878a0 N 0x8f878a4
0xf38 N 0xf3c
0x8f878a0 N 0x8f878a4
0x82e8 N 0x82ec
0xffc N 0x1000
0x8f878a0 N 0x8f878a4
0x5274 N 0x5278
0x5274 N 0x5278
0xc6c3f8 N 0xc6c3fc
0xffc N 0x1000
0xc6c3f8 N 0xc6c3fc
0x82e8 N 0x82ec
0xf38 N 0xf3c
0x8f878a0 N 0x8f878a4
0x5274 N 0x5278
0x8f878a0 N 0x8f878a4
0x8f878a0 N 0x8f878a4
0xffc N 0x1000
0xffc N 0x1000
0x8f878a0 N 0x8f878a4
0xffc N 0x1000
0xc6c3f8 N 0xc6c3fc
0xc6c3f8 N 0xc6c3fc
0xf38 N 0xf3c
0x82e8 N 0x82ec
0x5274 N 0x5278
0x5274 N 0x5278
0xc6c3f8 N 0xc6c3fc
0xf38 N 0xf3c
0x5274 N 0x5278
0xffc N 0x1000
0x5274 N 0x5278
0xf38 N 0xf3c
0xc6c3f8 N 0xc6c3fc
0xc6c3f8 N 0xc6c3fc
0x8f878a0 N 0x8f878a4
0x5274 N 0x5278
0xf38 N 0xf3c
0x82e8 N 0x82ec
0xffc N 0x1000
0x5274 N 0x5278
0xc6c3f8 N 0xc6c3fc
0xf38 N 0xf3c
0x82e8 N 0x82ec
0x8f878a0 N 0x8f878a4
0x8f878a0 N 0x8f878a4
0x8f878a0 N 0x8f878a4
0x5274 N 0x5278
0xc6c3f8 N 0xc6c3fc
0x5274 N 0x5278
0xf38 N 0xf3c
0xffc N 0x1000
0x5274 N 0x5278
0x8f878a0 N 0x8f878a4
0x5274 N 0x5278
0xf38 N 0xf3c
0x8f878a0 N 0x8f878a4
0xffc N 0x1000
0xc6c3f8 N 0xc6c3fc
0x5274 N 0x5278
0x82e8 N 0x82ec
0x5274 N 0x5278
0x82e8 N 0x82ec
0x8f878a0 N 0x8f878a4
0x8f878a0 N 0x8f878a4
0xffc N 0x1000
0x8f878a0 N 0x8f878a4
0xf38 N 0xf3c
0xf38 N 0xf3c
0x8f878a0 N 0x8f878a4
0x82e8 N 0x82ec
0x5274 N 0x5278
0xffc N 0x1000
0xf38 N 0xf3c
0xc6c3f8 N 0xc6c3fc
0x82e8 N 0x82ec
0x82e8 N 0x82ec
0x82e8 N 0x82ec
0xf38 N 0xf3c
0xc6c3f8 N 0xc6c3fc
0xf38 N 0xf3c
0xffc N 0x1000
0x5274 N 0x5278
0xffc N 0x1000
0xffc N 0x1000
0xffc N 0x1000
0xc6c3f8 N 0xc6c3fc
0x5274 N 0x5278
0xffc N 0x1000
0x8f878a0 N 0x8f878a4
0xc6c3f8 N 0xc6c3fc
0x82e8 N 0x82ec
0xf38 N 0xf3c
0xc6c3f8 N 0xc6c3fc
0x5274 N 0x5278
0xf38 N 0xf3c
0xc6c3f8 N 0xc6c3fc
0x5274 N 0x5278
0x5274 N 0x5278
0x8f878a0 N 0x8f878a4
0xc6c3f8 N 0xc6c3fc
0x5274 N 0x5278
0xf38 N 0xf3c
0xc6c3f8 N 0xc6c3fc
0x5274 N 0x5278
0xffc N 0x1000
0xffc N 0x1000
0xc6c3f8 N 0xc6c3fc
0x8f878a0 N 0x8f878a4
0x8f878a0 N 0x8f878a4
0xc6c3f8 N 0xc6c3fc
0x8f878a0 N 0x8f878a4
0xf38 N 0xf3c
0xc6c3f8 N 0xc6c3fc
0xffc N 0x1000
0x5274 N 0x5278
0x82e8 N 0x82ec
0xf38 N 0xf3c
0xffc N 0x1000
0x82e8 N 0x82ec
0x82e8 N 0x82ec
0xc6c3f8 N 0xc6c3fc
0xffc N 0x1000
0xc6c3f8 N 0xc6c3fc
0x5274 N 0x5278
0x5274 N 0x5278
0x5274 N 0x5278
0x82e8 N 0x82ec
0x82e8 N 0x82ec
0xffc N 0x1000
0x82e8 N 0x82ec
0x8f878a0 N 0x8f878a4
0x82e8 N 0x82ec
0x8f878a0 N 0x8f878a4
0x82e8 N 0x82ec
0x82e8 N 0x82ec
0x5274 N 0x5278
0xffc N 0x1000
0x82e8 N 0x82ec
0x5274 N 0x5278
0xf38 N 0xf3c
0xf38 N 0xf3c
0x8f878a0 N 0x8f878a4
0x82e8 N 0x82ec
0x5274 N 0x5278
0x5274 N 0x5278
0x5274 N 0x5278
0x8f878a0 N 0x8f878a4
0x82e8 N 0x82ec
0x82e8 N 0x82ec
0x8f878a0 N 0x8f878a4
0xffc N 0x1000
0x8f878a0 N 0x8f878a4
0xc6c3f8 N 0xc6c3fc
0xffc N 0x1000
0xc6c3f8 N 0xc6c3fc
0xf38 N 0xf3c
0xc6c3f8 N 0xc6c3fc
0x5274 N 0x5278
0xf38 N 0xf3c
0xc6c3f8 N 0xc6c3fc
0xffc N 0x1000
0xffc N 0x1000
0xffc N 0x1000
0x5274 N 0x5278
0xc6c3f8 N 0xc6c3fc
0x8f878a0 N 0x8f878a4
0xffc N 0x1000
0xc6c3f8 N 0xc6c3fc
0x82e8 N 0x82ec
0xc6c3f8 N 0xc6c3fc
0x82e8 N 0x82ec
0xffc N 0x1000
0xffc N 0x1000
0xffc N 0x1000
0x82e8 N 0x82ec
0xffc N 0x1000
0xffc N 0x1000
0x82e8 N 0x82ec
0x8f878a0 N 0x8f878a4
0xc6c3f8 N 0xc6c3fc
0xffc N 0x1000
0x5274 N 0x5278
0xc6c3f8 N 0xc6c3fc
0x5274 N 0x5278
0x82e8 N 0x82ec
0xffc N 0x1000
0xf38 N 0xf3c
0x82e8 N 0x82ec
0xffc N 0x1000
0xffc N 0x1000
0x82e8 N 0x82ec
0x82e8 N 0x82ec
0x82e8 N 0x82ec
0x8f878a0 N 0x8f878a4
0xc6c3f8 N 0xc6c3fc
0xf38 N 0xf3c
0x5274 N 0x5278
0xc6c3f8 N 0xc6c3fc
0x8f878a0 N 0x8f878a4
0xc6c3f8 N 0xc6c3fc
0x8f878a0 N 0x8f878a4
0x8f878a0 N 0x8f878a4
0xf38 N 0xf3c
0xc6c3f8 N 0xc6c3fc
0xffc N 0x1000
0x5274 N 0x5278
0x82e8 N 0x82ec
0x82e8 N 0x82ec
0x82e8 N 0x82ec
0xffc N 0x1000
0x5274 N 0x5278
0x8f878a0 N 0x8f878a4
0x5274 N 0x5278
0x82e8 N 0x82ec
0x8f878a0 N 0x8f878a4
0x5274 N 0x5278
0xf38 N 0xf3c
0x5274 N 0x5278
0x82e8 N 0x82ec
0x82e8 N 0x82ec
0x82e8 N 0x82ec
0x8f878a0 N 0x8f878a4
0x82e8 N 0x82ec
0xffc N 0x1000
0xffc N 0x1000
0x5274 N 0x5278
0x5274 N 0x5278
0xf38 N 0xf3c
0x82e8 N 0x82ec
0xf38 N 0xf3c
0x82e8 N 0x82ec
0x5274 N 0x5278
0xf38 N 0xf3c
0x82e8 N 0x82ec
0x8f878a0 N 0x8f878a4
0x8f878a0 N 0x8f878a4
0x5274 N 0x5278
0x8f878a0 N 0x8f878a4
0x82e8 N 0x82ec
0xf38 N 0xf3c
0xffc N 0x1000
0xffc N 0x1000
0xf38 N 0xf3c
0xc6c3f8 N 0xc6c3fc
0x5274 N 0x5278
0xffc N 0x1000
0xc6c3f8 N 0xc6c3fc
0xc6c3f8 N 0xc6c3fc
0x5274 N 0x5278
0xf38 N 0xf3c
0xffc N 0x1000
0x82e8 N 0x82ec
0x82e8 N 0x82ec
0x82e8 N 0x82ec
0xffc N 0x1000
0xc6c3f8 N 0xc6c3fc
0x8f878a0 N 0x8f878a4
0x82e8 N 0x82ec
0x82e8 N 0x82ec
0xf38 N 0xf3c
0xf38 N 0xf3c
0xc6c3f8 N 0xc6c3fc
0x82e8 N 0x82ec
0x8f878a0 N 0x8f878a4
0x82e8 N 0x82ec
0x8f878a0 N 0x8f878a4
0x8f878a0 N 0x8f878a4
0xf38 N 0xf3c
0xffc N 0x1000
0x5274 N 0x5278
0x82e8 N 0x82ec
0x82e8 N 0x82ec
0xffc N 0x1000
0x8f878a0 N 0x8f878a4
0x8f878a0 N 0x8f878a4
0xffc N 0x1000
0xf38 N 0xf3c
0xf38 N 0xf3c
0xc6c3f8 N 0xc6c3fc
0x5274 N 0x5278
0x82e8 N 0x82ec
0xffc N 0x1000
0x5274 N 0x5278
0xc6c3f8 N 0xc6c3fc
0x82e8 N 0x82ec
0xc6c3f8 N 0xc6c3fc
0xffc N 0x1000
0x8f878a0 N 0x8f878a4
0xc6c3f8 N 0xc6c3fc
0xf38 N 0xf3c
0xc6c3f8 N 0xc6c3fc
0xffc N 0x1000
0x8f878a0 N 0x8f878a4
0xffc N 0x1000
0x82e8 N 0x82ec
0x82e8 N 0x82ec
0x5274 N 0x5278
0x8f878a0 N 0x8f878a4
0xffc N 0x1000
0x8f878a0 N 0x8f878a4
0x5274 N 0x5278
0x8f878a0 N 0x8f878a4
0x82e8 N 0x82ec
0xf38 N 0xf3c
0x8f878a0 N 0x8f878a4
0x82e8 N 0x82ec
0xc6c3f8 N 0xc6c3fc
0x8f878a0 N 0x8f878a4
0xffc N 0x1000
0xffc N 0x1000
0x5274 N 0x5278
0x8f878a0 N 0x8f878a4
0x82e8 N 0x82ec
0x82e8 N 0x82ec
0x82e8 N 0x82ec
0x82e8 N 0x82ec
0xffc N 0x1000
0xf38 N 0xf3c
0xc6c3f8 N 0xc6c3fc
0xc6c3f8 N 0xc6c3fc
0x5274 N 0x5278
0x5274 N 0x5278
0x5274 N 0x5278
0x8f878a0 N 0x8f878a4
0x5274 N 0x5278
0x5274 N 0x5278
0xc6c3f8 N 0xc6c3fc
0xffc N 0x1000
0x5274 N 0x5278
0x8f878a0 N 0x8f878a4
0xffc N 0x1000
0x82e8 N 0x82ec
0x5274 N 0x5278
0xf38 N 0xf3c
0xf38 N 0xf3c
0xf38 N 0xf3c
0xffc N 0x1000
0xffc N 0x1000
0xc6c3f8 N 0xc6c3fc
0xffc N 0x1000
0xc6c3f8 N 0xc6c3fc
0x82e8 N 0x82ec
0xffc N 0x1000
0x8f878a0 N 0x8f878a4
0xc6c3f8 N 0xc6c3fc
0x82e8 N 0x82ec
0xffc N 0x1000
0xf38 N 0xf3c
0xffc N 0x1000
0xf38 N 0xf3c
0x5274 N 0x5278
0x82e8 N 0x82ec
0xffc N 0x1000
0xc6c3f8 N 0xc6c3fc
0x5274 N 0x5278
0xc6c3f8 N 0xc6c3fc
0x8f878a0 N 0x8f878a4
0x5274 N 0x5278
0x82e8 N 0x82ec
0xffc N 0x1000
0x5274 N 0x5278
0x82e8 N 0x82ec
0xf38 N 0xf3c
0xc6c3f8 N 0xc6c3fc
0x8f878a0 N 0x8f878a4
0x8f878a0 N 0x8f878a4
0x5274 N 0x5278
0x82e8 N 0x82ec
0xf38 N 0xf3c
0x8f878a0 N 0x8f878a4
0xc6c3f8 N 0xc6c3fc
0x8f878a0 N 0x8f878a4
0x8f878a0 N 0x8f878a4
0xffc N 0x1000
0x8f878a0 N 0x8f878a4
0xc6c3f8 N 0xc6c3fc
0x5274 N 0x5278
0xc6c3f8 N 0xc6c3fc
0xffc N 0x1000
0xc6c3f8 N 0xc6c3fc
0x8f878a0 N 0x8f878a4
0x8f878a0 N 0x8f878a4
0xf38 N 0xf3c
0xffc N 0x1000
0x5274 N 0x5278
0x5274 N 0x5278
0x8f878a0 N 0x8f878a4
0x8f878a0 N 0x8f878a4
0xffc N 0x1000
0xf38 N 0xf3c
0x5274 N 0x5278
0x8f878a0 N 0x8f878a4
0x8f878a0 N 0x8f878a4
0xc6c3f8 N 0xc6c3fc
0x8f878a0 N 0x8f878a4
0xffc N 0x1000
0x5274 N 0x5278
0xc6c3f8 N 0xc6c3fc
0xf38 N 0xf3c
0xf38 N 0xf3c
0x5274 N 0x5278
0xffc N 0x1000
0xffc N 0x1000
0x82e8 N 0x82ec
0xf38 N 0xf3c
0x5274 N 0x5278
0xc6c3f8 N 0xc6c3fc
0x5274 N 0x5278
0x8f878a0 N 0x8f878a4
0x5274 N 0x5278
0x8f878a0 N 0x8f878a4
0x8f878a0 N 0x8f878a4
0x5274 N 0x5278
0xc6c3f8 N 0xc6c3fc
0x82e8 N 0x82ec
0x8f878a0 N 0x8f878a4
0x8f878a0 N 0x8f878a4
0xffc N 0x1000
0x8f878a0 N 0x8f878a4
0x5274 N 0x5278
0xf38 N 0xf3c
0xf38 N 0xf3c
0xf38 N 0xf3c
0xc6c3f8 N 0xc6c3fc
0x8f878a0 N 0x8f878a4
0x82e8 N 0x82ec
0xc6c3f8 N 0xc6c3fc
0xc6c3f8 N 0xc6c3fc
0xc6c3f8 N 0xc6c3fc
0x8f878a0 N 0x8f878a4
0x8f878a0 N 0x8f878a4
0xffc N 0x1000
0xc6c3f8 N 0xc6c3fc
0xc6c3f8 N 0xc6c3fc
0x8f878a0 N 0x8f878a4
0x8f878a0 N 0x8f878a4
0xffc N 0x1000
0xc6c3f8 N 0xc6c3fc
0xffc N 0x1000
0xffc N 0x1000
0xc6c3f8 N 0xc6c3fc
0xc6c3f8 N 0xc6c3fc
0x82e8 N 0x82ec
0xc6c3f8 N 0xc6c3fc
0xffc N 0x1000
0xf38 N 0xf3c
0x5274 N 0x5278
0xf38 N 0xf3c
0xc6c3f8 N 0xc6c3fc
0x8f878a0 N 0x8f878a4
0xc6c3f8 N 0xc6c3fc
0x5274 N 0x5278
0xc6c3f8 N 0xc6c3fc
0x82e8 N 0x82ec
0x82e8 N 0x82ec
0xf38 N 0xf3c
0xffc N 0x1000
0x5274 N 0x5278
0xc6c3f8 N 0xc6c3fc
0x5274 N 0x5278
0xffc N 0x1000
0xffc N 0x1000
0xc6c3f8 N 0xc6c3fc
0xf38 N 0xf3c
0xf38 N 0xf3c
0xc6c3f8 N 0xc6c3fc
0xffc N 0x1000
0x8f878a0 N 0x8f878a4
0xffc N 0x1000
0xf38 N 0xf3c
0x8f878a0 N 0x8f878a4
0x8f878a0 N 0x8f878a4
0x82e8 N 0x82ec
0xf38 N 0xf3c
0x5274 N 0x5278
0xc6c3f8 N 0xc6c3fc
0x5274 N 0x5278
0x5274 N 0x5278
0x8f878a0 N 0x8f878a4
0xffc N 0x1000
0xc6c3f8 N 0xc6c3fc
0x82e8 N 0x82ec
0xc6c3f8 N 0xc6c3fc
0xf38 N 0xf3c
0x8f878a0 N 0x8f878a4
0xc6c3f8 N 0xc6c3fc
0x5274 N 0x5278
0x8f878a0 N 0x8f878a4
0x82e8 N 0x82ec
0x8f878a0 N 0x8f878a4
0x5274 N 0x5278
0x5274 N 0x5278
0x5274 N 0x5278
0xf38 N 0xf3c
0xf38 N 0xf3c
0xf38 N 0xf3c
0xffc N 0x1000
0xf38 N 0xf3c
0xffc N 0x1000
0xffc N 0x1000
0x82e8 N 0x82ec
0xc6c3f8 N 0xc6c3fc
0x8f878a0 N 0x8f878a4
0xc6c3f8 N 0xc6c3fc
0x8f878a0 N 0x8f878a4
0x5274 N 0x5278
0x5274 N 0x5278
0xc6c3f8 N 0xc6c3fc
0xffc N 0x1000
0x5274 N 0x5278
0x5274 N 0x5278
0xf38 N 0xf3c
0xc6c3f8 N 0xc6c3fc
0xffc N 0x1000
0xffc N 0x1000
0xc6c3f8 N 0xc6c3fc
0xffc N 0x1000
0xc6c3f8 N 0xc6c3fc
0x82e8 N 0x82ec
0xc6c3f8 N 0xc6c3fc
0x8f878a0 N 0x8f878a4
0x82e8 N 0x82ec
0x5274 N 0x5278
0xffc N 0x1000
0xf38 N 0xf3c
0x82e8 N 0x82ec
0xf38 N 0xf3c
0xffc N 0x1000
0x5274 N 0x5278
0xf38 N 0xf3c
0xffc N 0x1000
0xc6c3f8 N 0xc6c3fc
0xc6c3f8 N 0xc6c3fc
0xf38 N 0xf3c
0x8f878a0 N 0x8f878a4
0xc6c3f8 N 0xc6c3fc
0xffc N 0x1000
0x5274 N 0x5278
0xffc N 0x1000
0x8f878a0 N 0x8f878a4
0x8f878a0 N 0x8f878a4
0x8f878a0 N 0x8f878a4
0x8f878a0 N 0x8f878a4
0x8f878a0 N 0x8f878a4
0xffc N 0x1000
0xc6c3f8 N 0xc6c3fc
0x5274 N 0x5278
0xffc N 0x1000
0x5274 N 0x5278
0x82e8 N 0x82ec
0xc6c3f8 N 0xc6c3fc
0x5274 N 0x5278
0xf38 N 0xf3c
0x82e8 N 0x82ec
0xf38 N 0xf3c
0x8f878a0 N 0x8f878a4
0xffc N 0x1000
0x5274 N 0x5278
0x8f878a0 N 0x8f878a4
0x8f878a0 N 0x8f878a4
0xffc N 0x1000
0xf38 N 0xf3c
0x82e8 N 0x82ec
0xf38 N 0xf3c
0xf38 N 0xf3c
0x82e8 N 0x82ec
0xf38 N 0xf3c
0x5274 N 0x5278
0x82e8 N 0x82ec
0xf38 N 0xf3c
0x5274 N 0x5278
0xc6c3f8 N 0xc6c3fc
0x82e8 N 0x82ec
0x8f878a0 N 0x8f878a4
0xffc N 0x1000
0xf38 N 0xf3c
0xc6c3f8 N 0xc6c3fc
0xf38 N 0xf3c
0x8f878a0 N 0x8f878a4
0xffc N 0x1000
0xc6c3f8 N 0xc6c3fc
0x82e8 N 0x82ec
0x82e8 N 0x82ec
0x82e8 N 0x82ec
0x8f878a0 N 0x8f878a4
0xf38 N 0xf3c
0xc6c3f8 N 0xc6c3fc
0xffc N 0x1000
0xf38 N 0xf3c
0xffc N 0x1000
0x8f878a0 N 0x8f878a4
0x5274 N 0x5278
0x8f878a0 N 0x8f878a4
0xffc N 0x1000
0xffc N 0x1000
0x82e8 N 0x82ec
0xc6c3f8 N 0xc6c3fc
0x8f878a0 N 0x8f878a4
0x8f878a0 N 0x8f878a4
0xffc N 0x1000
0xf38 N 0xf3c
0xf38 N 0xf3c
0x8f878a0 N 0x8f878a4
0x5274 N 0x5278
0x82e8 N 0x82ec
0xffc N 0x1000
0x82e8 N 0x82ec
0xc6c3f8 N 0xc6c3fc
0x82e8 N 0x82ec
0x82e8 N 0x82ec
0x82e8 N 0x82ec
0xf38 N 0xf3c
0x5274 N 0x5278
0xffc N 0x1000
0x82e8 N 0x82ec
0xf38 N 0xf3c
0x5274 N 0x5278
0xffc N 0x1000
0x8f878a0 N 0x8f878a4
0xffc N 0x1000
0xf38 N 0xf3c
0xf38 N 0xf3c
0xc6c3f8 N 0xc6c3fc
0x82e8 N 0x82ec
0xffc N 0x1000
0x5274 N 0x5278
0xf38 N 0xf3c
0xc6c3f8 N 0xc6c3fc
0xc6c3f8 N 0xc6c3fc
0x82e8 N 0x82ec
0x8f878a0 N 0x8f878a4
0x82e8 N 0x82ec
0xf38 N 0xf3c
0x8f878a0 N 0x8f878a4
0xc6c3f8 N 0xc6c3fc
0xffc N 0x1000
0x5274 N 0x5278
0xffc N 0x1000
0x5274 N 0x5278
0x82e8 N 0x82ec
0xffc N 0x1000
0xffc N 0x1000
0x8f878a0 N 0x8f878a4
0x82e8 N 0x82ec
0x5274 N 0x5278
0x82e8 N 0x82ec
0x5274 N 0x5278
0x8f878a0 N 0x8f878a4
0xc6c3f8 N 0xc6c3fc
0x8f878a0 N 0x8f878a4
0x8f878a0 N 0x8f878a4
0xc6c3f8 N 0xc6c3fc
0xffc N 0x1000
0xc6c3f8 N 0xc6c3fc
0x8f878a0 N 0x8f878a4
0x5274 N 0x5278
0xf38 N 0xf3c
0x5274 N 0x5278
0x82e8 N 0x82ec
0x82e8 N 0x82ec
0x8f878a0 N 0x8f878a4
0x5274 N 0x5278
0x82e8 N 0x82ec
0xffc N 0x1000
0x5274 N 0x5278
0xf38 N 0xf3c
0xc6c3f8 N 0xc6c3fc
0xffc N 0x1000
0xc6c3f8 N 0xc6c3fc
0x5274 N 0x5278
0x8f878a0 N 0x8f878a4
0xc6c3f8 N 0xc6c3fc
0x82e8 N 0x82ec
0xffc N 0x1000
0xc6c3f8 N 0xc6c3fc
0x8f878a0 N 0x8f878a4
0xf38 N 0xf3c
0xc6c3f8 N 0xc6c3fc
0xffc N 0x1000
0xffc N 0x1000
0xffc N 0x1000
0x8f878a0 N 0x8f878a4
0x5274 N 0x5278
0x5274 N 0x5278
0x82e8 N 0x82ec
0xffc N 0x1000
0xc6c3f8 N 0xc6c3fc
0xc6c3f8 N 0xc6c3fc
0x82e8 N 0x82ec
0xffc N 0x1000
0x8f878a0 N 0x8f878a4
0x8f878a0 N 0x8f878a4
0x8f878a0 N 0x8f878a4
0x5274 N 0x5278
0xf38 N 0xf3c
0x8f878a0 N 0x8f878a4
0xf38 N 0xf3c
0xc6c3f8 N 0xc6c3fc
0xffc N 0x1000
0xc6c3f8 N 0xc6c3fc
0x82e8 N 0x82ec
0x8f878a0 N 0x8f878a4
0xffc N 0x1000
0xf38 N 0xf3c
0xf38 N 0xf3c
0x82e8 N 0x82ec
0x8f878a0 N 0x8f878a4
0xffc N 0x1000
0x5274 N 0x5278
0x8f878a0 N 0x8f878a4
0xffc N 0x1000
0xf38 N 0xf3c
0xf38 N 0xf3c
0x8f878a0 N 0x8f878a4
0xffc N 0x1000
0x8f878a0 N 0x8f878a4
0x5274 N 0x5278
0x82e8 N 0x82ec
0xf38 N 0xf3c
0x8f878a0 N 0x8f878a4
0x8f878a0 N 0x8f878a4
0x8f878a0 N 0x8f878a4
0x5274 N 0x5278
0xffc N 0x1000
0x5274 N 0x5278
0xffc N 0x1000
0xc6c3f8 N 0xc6c3fc
0xc6c3f8 N 0xc6c3fc
0xf38 N 0xf3c
0xc6c3f8 N 0xc6c3fc
0xffc N 0x1000
0x8f878a0 N 0x8f878a4
0x8f878a0 N 0x8f878a4
0x5274 N 0x5278
0xf38 N 0xf3c
0xffc N 0x1000
0x8f878a0 N 0x8f878a4
0x8f878a0 N 0x8f878a4
0x8f878a0 N 0x8f878a4
0xf38 N 0xf3c
0x82e8 N 0x82ec
0xffc N 0x1000
0x8f878a0 N 0x8f878a4
0x5274 N 0x5278
0xc6c3f8 N 0xc6c3fc
0xc6c3f8 N 0xc6c3fc
0xc6c3f8 N 0xc6c3fc
0xc6c3f8 N 0xc6c3fc
0xc6c3f8 N 0xc6c3fc
0xc6c3f8 N 0xc6c3fc
0x82e8 N 0x82ec
0x5274 N 0x5278
0x5274 N 0x5278
0x5274 N 0x5278
0x82e8 N 0x82ec
0x8f878a0 N 0x8f878a4
0x5274 N 0x5278
0x82e8 N 0x82ec
0xc6c3f8 N 0xc6c3fc
0x82e8 N 0x82ec
0x5274 N 0x5278
0x82e8 N 0x82ec
0xc6c3f8 N 0xc6c3fc
0xf38 N 0xf3c
0x8f878a0 N 0x8f878a4
0xf38 N 0xf3c
0x82e8 N 0x82ec
0x5274 N 0x5278
0xffc N 0x1000
0xc6c3f8 N 0xc6c3fc
0xffc N 0x1000
0xffc N 0x1000
0xf38 N 0xf3c
0x82e8 N 0x82ec
0xffc N 0x1000
0x5274 N 0x5278
0x5274 N 0x5278
0xc6c3f8 N 0xc6c3fc
0x8f878a0 N 0x8f878a4
0xf38 N 0xf3c
0xffc N 0x1000
0x8f878a0 N 0x8f878a4
0xc6c3f8 N 0xc6c3fc
0x8f878a0 N 0x8f878a4
0x8f878a0 N 0x8f878a4
0x8f878a0 N 0x8f878a4
0xf38 N 0xf3c
0xc6c3f8 N 0xc6c3fc
0x8f878a0 N 0x8f878a4
0x5274 N 0x5278
0xffc N 0x1000
0xf38 N 0xf3c
0xf38 N 0xf3c
0xffc N 0x1000
0xf38 N 0xf3c
0x82e8 N 0x82ec
flush_num: 757, br_num: 1457, size: 3045b
