0x194 N 0x198
0x194 T 0x192bc
0x194 T 0x192bc
0xbecffc T 0x192bc
0xbecffc T 0xf5c
0xbecffc T 0xf5c
0x194 T 0xf5c
0x194 T 0x192bc
0x194 T 0x192bc
0x194 T 0x192bc
0xbecffc T 0x192bc
0xbecffc T 0xf5c
0x194 T 0xf5c
0x194 T 0x192bc
0xbecffc T 0x192bc
0x194 T 0xf5c
0xbecffc T 0x192bc
0xbecffc T 0xf5c
0x194 T 0xf5c
0xbecffc T 0x192bc
0x194 T 0xf5c
0x194 T 0x192bc
0xbecffc T 0x192bc
0x194 T 0xf5c
0xbecffc T 0x192bc
0xbecffc T 0xf5c
0x194 T 0xf5c
0xbecffc T 0x192bc
0x194 T 0xf5c
0xbecffc T 0x192bc
0x194 T 0xf5c
0x194 T 0x192bc
0x194 T 0x192bc
0x194 T 0x192bc
0xbecffc T 0x192bc
0xbecffc T 0xf5c
0xbecffc T 0xf5c
0xbecffc T 0xf5c
0xbecffc T 0xf5c
0x194 T 0xf5c
0xbecffc T 0x192bc
0xbecffc T 0xf5c
0xbecffc T 0xf5c
0xbecffc T 0xf5c
0xbecffc T 0xf5c
0x194 T 0xf5c
0xbecffc T 0x192bc
0xbecffc T 0xf5c
0x194 T 0xf5c
0x194 T 0x192bc
0xbecffc T 0x192bc
0xbecffc T 0xf5c
0x194 T 0xf5c
0xbecffc T 0x192bc
0xbecffc T 0xf5c
0xbecffc T 0xf5c
0xbecffc T 0xf5c
0x194 T 0xf5c
0xbecffc T 0x192bc
0x194 T 0xf5c
0xbecffc T 0x192bc
0xbecffc T 0xf5c
0xbecffc T 0xf5c
0x194 T 0xf5c
0x194 T 0x192bc
0xbecffc T 0x192bc
0xbecffc T 0xf5c
0x194 T 0xf5c
0x194 T 0x192bc
0xbecffc T 0x192bc
0xbecffc T 0xf5c
0xbecffc T 0xf5c
0xbecffc T 0xf5c
0x194 T 0xf5c
0x194 T 0x192bc
0xbecffc T 0x192bc
0xbecffc T 0xf5c
0xbecffc T 0xf5c
0xbecffc T 0xf5c
0xbecffc T 0xf5c
0xbecffc T 0xf5c
0xbecffc T 0xf5c
0xbecffc T 0xf5c
0x194 T 0xf5c
0x194 T 0x192bc
0xbecffc T 0x192bc
0xbecffc T 0xf5c
0xbecffc T 0xf5c
0xbecffc T 0xf5c
0x194 T 0xf5c
0xbecffc T 0x192bc
0xbecffc T 0xf5c
0x194 T 0xf5c
0xbecffc T 0x192bc
0x194 T 0xf5c
0x194 T 0x192bc
0x194 T 0x192bc
0x194 T 0x192bc
0xbecffc T 0x192bc
0xbecffc T 0xf5c
0x194 T 0xf5c
0x194 T 0x192bc
0x194 T 0x192bc
0x194 T 0x192bc
0xbecffc T 0x192bc
0xbecffc T 0xf5c
0x194 T 0xf5c
0x194 T 0x192bc
0x194 T 0x192bc
0xbecffc T 0x192bc
0xbecffc T 0xf5c
0x194 T 0xf5c
0xbecffc T 0x192bc
0xbecffc T 0xf5c
0xbecffc T 0xf5c
0xbecffc T 0xf5c
0xbecffc T 0xf5c
0xbecffc T 0xf5c
0x194 T 0xf5c
0xbecffc T 0x192bc
0x194 T 0xf5c
0x194 T 0x192bc
0xbecffc T 0x192bc
0x194 T 0xf5c
0x194 T 0x192bc
0xbecffc T 0x192bc
0xbecffc T 0xf5c
0x194 T 0xf5c
0x194 T 0x192bc
0xbecffc T 0x192bc
0x194 T 0xf5c
0xbecffc T 0x192bc
0x194 T 0xf5c
0xbecffc T 0x192bc
0xbecffc T 0xf5c
0xbecffc T 0xf5c
0xbecffc T 0xf5c
0x194 T 0xf5c
0x194 T 0x192bc
0xbecffc T 0x192bc
0xbecffc T 0xf5c
0xbecffc T 0xf5c
0xbecffc T 0xf5c
0x194 T 0xf5c
0x194 T 0x192bc
0xbecffc T 0x192bc
0x194 T 0xf5c
0xbecffc T 0x192bc
0x194 T 0xf5c
0x194 T 0x192bc
0x194 T 0x192bc
0xbecffc T 0x192bc
0xbecffc T 0xf5c
0xbecffc T 0xf5c
0x194 T 0xf5c
0xbecffc T 0x192bc
0xbecffc T 0xf5c
0xbecffc T 0xf5c
0x194 T 0xf5c
0x194 T 0x192bc
0x194 T 0x192bc
0x194 T 0x192bc
0xbecffc T 0x192bc
0xbecffc T 0xf5c
0xbecffc T 0xf5c
0x194 T 0xf5c
0xbecffc T 0x192bc
0x194 T 0xf5c
0xbecffc T 0x192bc
0x194 T 0xf5c
0x194 T 0x192bc
0x194 T 0x192bc
0xbecffc T 0x192bc
0x194 T 0xf5c
0xbecffc T 0x192bc
0x194 T 0xf5c
0x194 T 0x192bc
0x194 T 0x192bc
0x194 T 0x192bc
0x194 T 0x192bc
0x194 T 0x192bc
0x194 T 0x192bc
0x194 T 0x192bc
0xbecffc T 0x192bc
0xbecffc T 0xf5c
0xbecffc T 0xf5c
0x194 T 0xf5c
0x194 T 0x192bc
0x194 T 0x192bc
0xbecffc T 0x192bc
0x194 T 0xf5c
0x194 T 0x192bc
0xbecffc T 0x192bc
0xbecffc T 0xf5c
0x194 T 0xf5c
0x194 T 0x192bc
0x194 T 0x192bc
0xbecffc T 0x192bc
0xbecffc T 0xf5c
0xbecffc T 0xf5c
0x194 T 0xf5c
0x194 T 0x192bc
0xbecffc T 0x192bc
0x194 T 0xf5c
0xbecffc T 0x192bc
0x194 T 0xf5c
0xbecffc T 0x192bc
0xbecffc T 0xf5c
0x194 T 0xf5c
0x194 T 0x192bc
0x194 T 0x192bc
0xbecffc T 0x192bc
0x194 T 0xf5c
0xbecffc T 0x192bc
0x194 T 0xf5c
0xbecffc T 0x192bc
0xbecffc T 0xf5c
0x194 T 0xf5c
0x194 T 0x192bc
0xbecffc T 0x192bc
0xbecffc T 0xf5c
0xbecffc T 0xf5c
0x194 T 0xf5c
0xbecffc T 0x192bc
0x194 T 0xf5c
0xbecffc T 0x192bc
0x194 T 0xf5c
0xbecffc T 0x192bc
0x194 T 0xf5c
0xbecffc T 0x192bc
0xbecffc T 0xf5c
0x194 T 0xf5c
0x194 T 0x192bc
0x194 T 0x192bc
0xbecffc T 0x192bc
0x194 T 0xf5c
0x194 T 0x192bc
0xbecffc T 0x192bc
0xbecffc T 0xf5c
0x194 T 0xf5c
0xbecffc T 0x192bc
0xbecffc T 0xf5c
0x194 T 0xf5c
0xbecffc T 0x192bc
0x194 T 0xf5c
0xbecffc T 0x192bc
0x194 T 0xf5c
0xbecffc T 0x192bc
0xbecffc T 0xf5c
0xbecffc T 0xf5c
0xbecffc T 0xf5c
0x194 T 0xf5c
0x194 T 0x192bc
0x194 T 0x192bc
0x194 T 0x192bc
0x194 T 0x192bc
0x194 T 0x192bc
0xbecffc T 0x192bc
0x194 T 0xf5c
0xbecffc T 0x192bc
0x194 T 0xf5c
0xbecffc T 0x192bc
0x194 T 0xf5c
0xbecffc T 0x192bc
0xbecffc T 0xf5c
0xbecffc T 0xf5c
0xbecffc T 0xf5c
0xbecffc T 0xf5c
0xbecffc T 0xf5c
0xbecffc T 0xf5c
0xbecffc T 0xf5c
0x194 T 0xf5c
0xbecffc T 0x192bc
0x194 T 0xf5c
0x194 T 0x192bc
0x194 T 0x192bc
0x194 T 0x192bc
0xbecffc T 0x192bc
0xbecffc T 0xf5c
0x194 T 0xf5c
0xbecffc T 0x192bc
0x194 T 0xf5c
0xbecffc T 0x192bc
0xbecffc T 0xf5c
0xbecffc T 0xf5c
0x194 T 0xf5c
0x194 T 0x192bc
0x194 T 0x192bc
0xbecffc T 0x192bc
0x194 T 0xf5c
0xbecffc T 0x192bc
0xbecffc T 0xf5c
0x194 T 0xf5c
0xbecffc T 0x192bc
0x194 T 0xf5c
0x194 T 0x192bc
0x194 T 0x192bc
0x194 T 0x192bc
0x194 T 0x192bc
0x194 T 0x192bc
0xbecffc T 0x192bc
0xbecffc T 0xf5c
0xbecffc T 0xf5c
0x194 T 0xf5c
0x194 T 0x192bc
0x194 T 0x192bc
0xbecffc T 0x192bc
0xbecffc T 0xf5c
0xbecffc T 0xf5c
0x194 T 0xf5c
0x194 T 0x192bc
0x194 T 0x192bc
0x194 T 0x192bc
0xbecffc T 0x192bc
0x194 T 0xf5c
0xbecffc T 0x192bc
0xbecffc T 0xf5c
0x194 T 0xf5c
0xbecffc T 0x192bc
0xbecffc T 0xf5c
0x194 T 0xf5c
0xbecffc T 0x192bc
0xbecffc T 0xf5c
0x194 T 0xf5c
0xbecffc T 0x192bc
0xbecffc T 0xf5c
0x194 T 0xf5c
0xbecffc T 0x192bc
0x194 T 0xf5c
0xbecffc T 0x192bc
0x194 T 0xf5c
0x194 T 0x192bc
0xbecffc T 0x192bc
0x194 T 0xf5c
0xbecffc T 0x192bc
0x194 T 0xf5c
0xbecffc T 0x192bc
0x194 T 0xf5c
0x194 T 0x192bc
0xbecffc T 0x192bc
0x194 T 0xf5c
0xbecffc T 0x192bc
0xbecffc T 0xf5c
0x194 T 0xf5c
0x194 T 0x192bc
0xbecffc T 0x192bc
0xbecffc T 0xf5c
0x194 T 0xf5c
0xbecffc T 0x192bc
0x194 T 0xf5c
0xbecffc T 0x192bc
0xbecffc T 0xf5c
0x194 T 0xf5c
0xbecffc T 0x192bc
0xbecffc T 0xf5c
0xbecffc T 0xf5c
0x194 T 0xf5c
0xbecffc T 0x192bc
0xbecffc T 0xf5c
0x194 T 0xf5c
0x194 T 0x192bc
0xbecffc T 0x192bc
0xbecffc T 0xf5c
0xbecffc T 0xf5c
0xbecffc T 0xf5c
0x194 T 0xf5c
0xbecffc T 0x192bc
0x194 T 0xf5c
0xbecffc T 0x192bc
0x194 T 0xf5c
0x194 T 0x192bc
0x194 T 0x192bc
0x194 T 0x192bc
0x194 T 0x192bc
0xbecffc T 0x192bc
0xbecffc T 0xf5c
0xbecffc T 0xf5c
0xbecffc T 0xf5c
0xbecffc T 0xf5c
0x194 T 0xf5c
0xbecffc T 0x192bc
0xbecffc T 0xf5c
0xbecffc T 0xf5c
0xbecffc T 0xf5c
0x194 T 0xf5c
0xbecffc T 0x192bc
0x194 T 0xf5c
0x194 T 0x192bc
0x194 T 0x192bc
0x194 T 0x192bc
0xbecffc T 0x192bc
0xbecffc T 0xf5c
0x194 T 0xf5c
0xbecffc T 0x192bc
0xbecffc T 0xf5c
0xbecffc T 0xf5c
0xbecffc T 0xf5c
0xbecffc T 0xf5c
0x194 T 0xf5c
0xbecffc T 0x192bc
0xbecffc T 0xf5c
0x194 T 0xf5c
0x194 T 0x192bc
0xbecffc T 0x192bc
0xbecffc T 0xf5c
0x194 T 0xf5c
0x194 T 0x192bc
0x194 T 0x192bc
0x194 T 0x192bc
0xbecffc T 0x192bc
0x194 T 0xf5c
0xbecffc T 0x192bc
0xbecffc T 0xf5c
0xbecffc T 0xf5c
0xbecffc T 0xf5c
0xbecffc T 0xf5c
0xbecffc T 0xf5c
0x194 T 0xf5c
0xbecffc T 0x192bc
0xbecffc T 0xf5c
0xbecffc T 0xf5c
0xbecffc T 0xf5c
0xbecffc T 0xf5c
0xbecffc T 0xf5c
0x194 T 0xf5c
0x194 T 0x192bc
0xbecffc T 0x192bc
0x194 T 0xf5c
0x194 T 0x192bc
0x194 T 0x192bc
0xbecffc T 0x192bc
0x194 T 0xf5c
0xbecffc T 0x192bc
0x194 T 0xf5c
0xbecffc T 0x192bc
0x194 T 0xf5c
0xbecffc T 0x192bc
0xbecffc T 0xf5c
0xbecffc T 0xf5c
0x194 T 0xf5c
0x194 T 0x192bc
0xbecffc T 0x192bc
0xbecffc T 0xf5c
0xbecffc T 0xf5c
0xbecffc T 0xf5c
0x194 T 0xf5c
0xbecffc T 0x192bc
0xbecffc T 0xf5c
0x194 T 0xf5c
0x194 T 0x192bc
0x194 T 0x192bc
0x194 T 0x192bc
0xbecffc T 0x192bc
0x194 T 0xf5c
0xbecffc T 0x192bc
0x194 T 0xf5c
0x194 T 0x192bc
0x194 T 0x192bc
0x194 T 0x192bc
0xbecffc T 0x192bc
0x194 T 0xf5c
0x194 T 0x192bc
0xbecffc T 0x192bc
0xbecffc T 0xf5c
0xbecffc T 0xf5c
0x194 T 0xf5c
0xbecffc T 0x192bc
0x194 T 0xf5c
0xbecffc T 0x192bc
0x194 T 0xf5c
0x194 T 0x192bc
0xbecffc T 0x192bc
0xbecffc T 0xf5c
0xbecffc T 0xf5c
0xbecffc T 0xf5c
0xbecffc T 0xf5c
0x194 T 0xf5c
0x194 T 0x192bc
0xbecffc T 0x192bc
0xbecffc T 0xf5c
0xbecffc T 0xf5c
0xbecffc T 0xf5c
0x194 T 0xf5c
0x194 T 0x192bc
0x194 T 0x192bc
0x194 T 0x192bc
0x194 T 0x192bc
0xbecffc T 0x192bc
0xbecffc T 0xf5c
0x194 T 0xf5c
0x194 T 0x192bc
0x194 T 0x192bc
0xbecffc T 0x192bc
0x194 T 0xf5c
0xbecffc T 0x192bc
0x194 T 0xf5c
0x194 T 0x192bc
0xbecffc T 0x192bc
0x194 T 0xf5c
0x194 T 0x192bc
0x194 T 0x192bc
0xbecffc T 0x192bc
0x194 T 0xf5c
0x194 T 0x192bc
0x194 T 0x192bc
0xbecffc T 0x192bc
0x194 T 0xf5c
0x194 T 0x192bc
0xbecffc T 0x192bc
0x194 T 0xf5c
0x194 T 0x192bc
0x194 T 0x192bc
0x194 T 0x192bc
0xbecffc T 0x192bc
0x194 T 0xf5c
0xbecffc T 0x192bc
0xbecffc T 0xf5c
0x194 T 0xf5c
0xbecffc T 0x192bc
0xbecffc T 0xf5c
0x194 T 0xf5c
0x194 T 0x192bc
0x194 T 0x192bc
0x194 T 0x192bc
0xbecffc T 0x192bc
0x194 T 0xf5c
0xbecffc T 0x192bc
0xbecffc T 0xf5c
0x194 T 0xf5c
0xbecffc T 0x192bc
0x194 T 0xf5c
0x194 T 0x192bc
0x194 T 0x192bc
0x194 T 0x192bc
0xbecffc T 0x192bc
0x194 T 0xf5c
0xbecffc T 0x192bc
0x194 T 0xf5c
0x194 T 0x192bc
0x194 T 0x192bc
0xbecffc T 0x192bc
0x194 T 0xf5c
0xbecffc T 0x192bc
0x194 T 0xf5c
0xbecffc T 0x192bc
0x194 T 0xf5c
0xbecffc T 0x192bc
0xbecffc T 0xf5c
0xbecffc T 0xf5c
0x194 T 0xf5c
0xbecffc T 0x192bc
0xbecffc T 0xf5c
0x194 T 0xf5c
0xbecffc T 0x192bc
0xbecffc T 0xf5c
0x194 T 0xf5c
0xbecffc T 0x192bc
0x194 T 0xf5c
0x194 T 0x192bc
0x194 T 0x192bc
0xbecffc T 0x192bc
0x194 T 0xf5c
0xbecffc T 0x192bc
0xbecffc T 0xf5c
0x194 T 0xf5c
0xbecffc T 0x192bc
0x194 T 0xf5c
0x194 T 0x192bc
0x194 T 0x192bc
0x194 T 0x192bc
0xbecffc T 0x192bc
0x194 T 0xf5c
0xbecffc T 0x192bc
0x194 T 0xf5c
0xbecffc T 0x192bc
0x194 T 0xf5c
0xbecffc T 0x192bc
0x194 T 0xf5c
0xbecffc T 0x192bc
0x194 T 0xf5c
0x194 T 0x192bc
0x194 T 0x192bc
0x194 T 0x192bc
0x194 T 0x192bc
0x194 T 0x192bc
0x194 T 0x192bc
0x194 T 0x192bc
0x194 T 0x192bc
0x194 T 0x192bc
0xbecffc T 0x192bc
0x194 T 0xf5c
0xbecffc T 0x192bc
0xbecffc T 0xf5c
0xbecffc T 0xf5c
0xbecffc T 0xf5c
0xbecffc T 0xf5c
0xbecffc T 0xf5c
0x194 T 0xf5c
0x194 T 0x192bc
0x194 T 0x192bc
0xbecffc T 0x192bc
0x194 T 0xf5c
0xbecffc T 0x192bc
0x194 T 0xf5c
0x194 T 0x192bc
0xbecffc T 0x192bc
0x194 T 0xf5c
0xbecffc T 0x192bc
0x194 T 0xf5c
0xbecffc T 0x192bc
0xbecffc T 0xf5c
0xbecffc T 0xf5c
0xbecffc T 0xf5c
0x194 T 0xf5c
0xbecffc T 0x192bc
0xbecffc T 0xf5c
0xbecffc T 0xf5c
0xbecffc T 0xf5c
0x194 T 0xf5c
0x194 T 0x192bc
0x194 T 0x192bc
0x194 T 0x192bc
0xbecffc T 0x192bc
0x194 T 0xf5c
0x194 T 0x192bc
0xbecffc T 0x192bc
0x194 T 0xf5c
0xbecffc T 0x192bc
0x194 T 0xf5c
0x194 T 0x192bc
0xbecffc T 0x192bc
0xbecffc T 0xf5c
0xbecffc T 0xf5c
0x194 T 0xf5c
0xbecffc T 0x192bc
0xbecffc T 0xf5c
0xbecffc T 0xf5c
0x194 T 0xf5c
0x194 T 0x192bc
0xbecffc T 0x192bc
0xbecffc T 0xf5c
0x194 T 0xf5c
0x194 T 0x192bc
0xbecffc T 0x192bc
0x194 T 0xf5c
0xbecffc T 0x192bc
0xbecffc T 0xf5c
0x194 T 0xf5c
0xbecffc T 0x192bc
0xbecffc T 0xf5c
0x194 T 0xf5c
0xbecffc T 0x192bc
0xbecffc T 0xf5c
0xbecffc T 0xf5c
0xbecffc T 0xf5c
0xbecffc T 0xf5c
0xbecffc T 0xf5c
0xbecffc T 0xf5c
0xbecffc T 0xf5c
0x194 T 0xf5c
0xbecffc T 0x192bc
0xbecffc T 0xf5c
0x194 T 0xf5c
0xbecffc T 0x192bc
0xbecffc T 0xf5c
0xbecffc T 0xf5c
0xbecffc T 0xf5c
0xbecffc T 0xf5c
0xbecffc T 0xf5c
0x194 T 0xf5c
0x194 T 0x192bc
0xbecffc T 0x192bc
0x194 T 0xf5c
0x194 T 0x192bc
0xbecffc T 0x192bc
0x194 T 0xf5c
0xbecffc T 0x192bc
0xbecffc T 0xf5c
0xbecffc T 0xf5c
0xbecffc T 0xf5c
0xbecffc T 0xf5c
0x194 T 0xf5c
0x194 T 0x192bc
0x194 T 0x192bc
0x194 T 0x192bc
0xbecffc T 0x192bc
0xbecffc T 0xf5c
0xbecffc T 0xf5c
0xbecffc T 0xf5c
0x194 T 0xf5c
0xbecffc T 0x192bc
0xbecffc T 0xf5c
0x194 T 0xf5c
0x194 T 0x192bc
0x194 T 0x192bc
0x194 T 0x192bc
0xbecffc T 0x192bc
0xbecffc T 0xf5c
0x194 T 0xf5c
0xbecffc T 0x192bc
0x194 T 0xf5c
0xbecffc T 0x192bc
0xbecffc T 0xf5c
0xbecffc T 0xf5c
0xbecffc T 0xf5c
0xbecffc T 0xf5c
0x194 T 0xf5c
0x194 T 0x192bc
0x194 T 0x192bc
0xbecffc T 0x192bc
0xbecffc T 0xf5c
0x194 T 0xf5c
0x194 T 0x192bc
0x194 T 0x192bc
0x194 T 0x192bc
0x194 T 0x192bc
0xbecffc T 0x192bc
0x194 T 0xf5c
0xbecffc T 0x192bc
0x194 T 0xf5c
0x194 T 0x192bc
0xbecffc T 0x192bc
0xbecffc T 0xf5c
0x194 T 0xf5c
0x194 T 0x192bc
0xbecffc T 0x192bc
0x194 T 0xf5c
0x194 T 0x192bc
0x194 T 0x192bc
0x194 T 0x192bc
0xbecffc T 0x192bc
0x194 T 0xf5c
0xbecffc T 0x192bc
0x194 T 0xf5c
0xbecffc T 0x192bc
0x194 T 0xf5c
0xbecffc T 0x192bc
0xbecffc T 0xf5c
0xbecffc T 0xf5c
0x194 T 0xf5c
0xbecffc T 0x192bc
0x194 T 0xf5c
0xbecffc T 0x192bc
0x194 T 0xf5c
0x194 T 0x192bc
0x194 T 0x192bc
0x194 T 0x192bc
0x194 T 0x192bc
0x194 T 0x192bc
0x194 T 0x192bc
0x194 T 0x192bc
0x194 T 0x192bc
0xbecffc T 0x192bc
0x194 T 0xf5c
0xbecffc T 0x192bc
0x194 T 0xf5c
0xbecffc T 0x192bc
0x194 T 0xf5c
0x194 T 0x192bc
0xbecffc T 0x192bc
0x194 T 0xf5c
0x194 T 0x192bc
0xbecffc T 0x192bc
0x194 T 0xf5c
0xbecffc T 0x192bc
0xbecffc T 0xf5c
0x194 T 0xf5c
0xbecffc T 0x192bc
0x194 T 0xf5c
0x194 T 0x192bc
0xbecffc T 0x192bc
0x194 T 0xf5c
0xbecffc T 0x192bc
0x194 T 0xf5c
0xbecffc T 0x192bc
0x194 T 0xf5c
0x194 T 0x192bc
0xbecffc T 0x192bc
0x194 T 0xf5c
0x194 T 0x192bc
0xbecffc T 0x192bc
0xbecffc T 0xf5c
0x194 T 0xf5c
0xbecffc T 0x192bc
0x194 T 0xf5c
0x194 T 0x192bc
0x194 T 0x192bc
0xbecffc T 0x192bc
0xbecffc T 0xf5c
0x194 T 0xf5c
0x194 T 0x192bc
0xbecffc T 0x192bc
0x194 T 0xf5c
0xbecffc T 0x192bc
0xbecffc T 0xf5c
0x194 T 0xf5c
0xbecffc T 0x192bc
0xbecffc T 0xf5c
0x194 T 0xf5c
0xbecffc T 0x192bc
0x194 T 0xf5c
0xbecffc T 0x192bc
0xbecffc T 0xf5c
0xbecffc T 0xf5c
0xbecffc T 0xf5c
0xbecffc T 0xf5c
0x194 T 0xf5c
0xbecffc T 0x192bc
0xbecffc T 0xf5c
0x194 T 0xf5c
0xbecffc T 0x192bc
0xbecffc T 0xf5c
0x194 T 0xf5c
0x194 T 0x192bc
0xbecffc T 0x192bc
0x194 T 0xf5c
0xbecffc T 0x192bc
0x194 T 0xf5c
0xbecffc T 0x192bc
0x194 T 0xf5c
0xbecffc T 0x192bc
0xbecffc T 0xf5c
0x194 T 0xf5c
0xbecffc T 0x192bc
0x194 T 0xf5c
0x194 T 0x192bc
0xbecffc T 0x192bc
0x194 T 0xf5c
0x194 T 0x192bc
0x194 T 0x192bc
0x194 T 0x192bc
0xbecffc T 0x192bc
0x194 T 0xf5c
0x194 T 0x192bc
0xbecffc T 0x192bc
0x194 T 0xf5c
0x194 T 0x192bc
0xbecffc T 0x192bc
0x194 T 0xf5c
0xbecffc T 0x192bc
0x194 T 0xf5c
0x194 T 0x192bc
0x194 T 0x192bc
0x194 T 0x192bc
0xbecffc T 0x192bc
0xbecffc T 0xf5c
0xbecffc T 0xf5c
0x194 T 0xf5c
0xbecffc T 0x192bc
0xbecffc T 0xf5c
0x194 T 0xf5c
0x194 T 0x192bc
0x194 T 0x192bc
0xbecffc T 0x192bc
0x194 T 0xf5c
0x194 T 0x192bc
0x194 T 0x192bc
0x194 T 0x192bc
0x194 T 0x192bc
0x194 T 0x192bc
0x194 T 0x192bc
0xbecffc T 0x192bc
0xbecffc T 0xf5c
0x194 T 0xf5c
0xbecffc T 0x192bc
0xbecffc T 0xf5c
0x194 T 0xf5c
0xbecffc T 0x192bc
0x194 T 0xf5c
0x194 T 0x192bc
0x194 T 0x192bc
flush_num: 659, br_num: 871, size: 581b
