0xf9c N 0xfa0
0xf9c N 0xfa0
0x459b9a00 N 0x459b9a04
0x518 N 0x51c
0x73b50 N 0x73b54
0x73b50 N 0x73b54
0xf9c N 0xfa0
0x51c N 0x520
0x51c N 0x520
0x51c N 0x520
0x518 N 0x51c
0x73b50 N 0x73b54
0x73b50 N 0x73b54
0x73b50 N 0x73b54
0x878a50c0 N 0x878a50c4
0x73b50 N 0x73b54
0x51c N 0x520
0x73b50 N 0x73b54
0x878a50c0 N 0x878a50c4
0x51c N 0x520
0x459b9a00 N 0x459b9a04
0x459b9a00 N 0x459b9a04
0x73b50 N 0x73b54
0x878a50c0 N 0x878a50c4
0x459b9a00 N 0x459b9a04
0x459b9a00 N 0x459b9a04
0x51c N 0x520
0x73b50 N 0x73b54
0x51c N 0x520
0x459b9a00 N 0x459b9a04
0x73b50 N 0x73b54
0x73b50 N 0x73b54
0x878a50c0 N 0x878a50c4
0x518 N 0x51c
0x73b50 N 0x73b54
0xd7b44 N 0xd7b48
0x878a50c0 N 0x878a50c4
0xf9c N 0xfa0
0x459b9a00 N 0x459b9a04
0x878a50c0 N 0x878a50c4
0x459b9a00 N 0x459b9a04
0x73b50 N 0x73b54
0x51c N 0x520
0xd7b44 N 0xd7b48
0x144 N 0x148
0x144 N 0x148
0x51c N 0x520
0x73b50 N 0x73b54
0x518 N 0x51c
0x73b50 N 0x73b54
0xf9c N 0xfa0
0x878a50c0 N 0x878a50c4
0x144 N 0x148
0x144 N 0x148
0xf9c N 0xfa0
0xd7b44 N 0xd7b48
0x878a50c0 N 0x878a50c4
0xd7b44 N 0xd7b48
0x144 N 0x148
0x73b50 N 0x73b54
0xf9c N 0xfa0
0xf9c N 0xfa0
0xd7b44 N 0xd7b48
0x459b9a00 N 0x459b9a04
0xd7b44 N 0xd7b48
0x878a50c0 N 0x878a50c4
0x459b9a00 N 0x459b9a04
0x73b50 N 0x73b54
0x878a50c0 N 0x878a50c4
0x518 N 0x51c
0x73b50 N 0x73b54
0x518 N 0x51c
0x73b50 N 0x73b54
0x73b50 N 0x73b54
0xf9c N 0xfa0
0x459b9a00 N 0x459b9a04
0x459b9a00 N 0x459b9a04
0xf9c N 0xfa0
0x878a50c0 N 0x878a50c4
0x144 N 0x148
0x51c N 0x520
0x51c N 0x520
0x518 N 0x51c
0xd7b44 N 0xd7b48
0x144 N 0x148
0x518 N 0x51c
0x518 N 0x51c
0x144 N 0x148
0x144 N 0x148
0x878a50c0 N 0x878a50c4
0x144 N 0x148
0x144 N 0x148
0x518 N 0x51c
0x518 N 0x51c
0x459b9a00 N 0x459b9a04
0x73b50 N 0x73b54
0x878a50c0 N 0x878a50c4
0x878a50c0 N 0x878a50c4
0x73b50 N 0x73b54
0x73b50 N 0x73b54
0x878a50c0 N 0x878a50c4
0xf9c N 0xfa0
0x518 N 0x51c
0x51c N 0x520
0x878a50c0 N 0x878a50c4
0x459b9a00 N 0x459b9a04
0xd7b44 N 0xd7b48
0x878a50c0 N 0x878a50c4
0x878a50c0 N 0x878a50c4
0x144 N 0x148
0x878a50c0 N 0x878a50c4
0xf9c N 0xfa0
0x144 N 0x148
0x144 N 0x148
0x518 N 0x51c
0x51c N 0x520
0xf9c N 0xfa0
0x459b9a00 N 0x459b9a04
0x144 N 0x148
0xd7b44 N 0xd7b48
0x51c N 0x520
0xd7b44 N 0xd7b48
0x51c N 0x520
0xd7b44 N 0xd7b48
0xd7b44 N 0xd7b48
0x73b50 N 0x73b54
0xf9c N 0xfa0
0x518 N 0x51c
0x518 N 0x51c
0x73b50 N 0x73b54
0x878a50c0 N 0x878a50c4
0x459b9a00 N 0x459b9a04
0x878a50c0 N 0x878a50c4
0xd7b44 N 0xd7b48
0x518 N 0x51c
0x73b50 N 0x73b54
0xf9c N 0xfa0
0x73b50 N 0x73b54
0x144 N 0x148
0xf9c N 0xfa0
0x144 N 0x148
0x144 N 0x148
0xf9c N 0xfa0
0x518 N 0x51c
0x144 N 0x148
0x459b9a00 N 0x459b9a04
0xd7b44 N 0xd7b48
0xf9c N 0xfa0
0x144 N 0x148
0x459b9a00 N 0x459b9a04
0x518 N 0x51c
0x51c N 0x520
0xd7b44 N 0xd7b48
0xf9c N 0xfa0
0x518 N 0x51c
0x518 N 0x51c
0xd7b44 N 0xd7b48
0x459b9a00 N 0x459b9a04
0x73b50 N 0x73b54
0x518 N 0x51c
0x878a50c0 N 0x878a50c4
0x51c N 0x520
0x878a50c0 N 0x878a50c4
0x73b50 N 0x73b54
0xd7b44 N 0xd7b48
0x73b50 N 0x73b54
0x51c N 0x520
0x459b9a00 N 0x459b9a04
0x518 N 0x51c
0x459b9a00 N 0x459b9a04
0x518 N 0x51c
0x73b50 N 0x73b54
0x878a50c0 N 0x878a50c4
0x878a50c0 N 0x878a50c4
0x51c N 0x520
0x459b9a00 N 0x459b9a04
0x144 N 0x148
0x878a50c0 N 0x878a50c4
0xf9c N 0xfa0
0x518 N 0x51c
0x51c N 0x520
0x144 N 0x148
0x518 N 0x51c
0x518 N 0x51c
0x51c N 0x520
0x73b50 N 0x73b54
0x459b9a00 N 0x459b9a04
0xf9c N 0xfa0
0x51c N 0x520
0xf9c N 0xfa0
0x459b9a00 N 0x459b9a04
0xd7b44 N 0xd7b48
0x144 N 0x148
0xf9c N 0xfa0
0x73b50 N 0x73b54
0x144 N 0x148
0x51c N 0x520
0x459b9a00 N 0x459b9a04
0x51c N 0x520
0x878a50c0 N 0x878a50c4
0xd7b44 N 0xd7b48
0xf9c N 0xfa0
0x459b9a00 N 0x459b9a04
0xd7b44 N 0xd7b48
0x518 N 0x51c
0x878a50c0 N 0x878a50c4
0x459b9a00 N 0x459b9a04
0xd7b44 N 0xd7b48
0x51c N 0x520
0xd7b44 N 0xd7b48
0x144 N 0x148
0x518 N 0x51c
0x51c N 0x520
0xf9c N 0xfa0
0x878a50c0 N 0x878a50c4
0x73b50 N 0x73b54
0x878a50c0 N 0x878a50c4
0x73b50 N 0x73b54
0x73b50 N 0x73b54
0x51c N 0x520
0x73b50 N 0x73b54
0x73b50 N 0x73b54
0x518 N 0x51c
0x459b9a00 N 0x459b9a04
0x878a50c0 N 0x878a50c4
0xd7b44 N 0xd7b48
0x51c N 0x520
0xf9c N 0xfa0
0xd7b44 N 0xd7b48
0x51c N 0x520
0x144 N 0x148
0xd7b44 N 0xd7b48
0x73b50 N 0x73b54
0x459b9a00 N 0x459b9a04
0x518 N 0x51c
0x878a50c0 N 0x878a50c4
0x144 N 0x148
0x51c N 0x520
0x878a50c0 N 0x878a50c4
0x144 N 0x148
0xf9c N 0xfa0
0x518 N 0x51c
0xd7b44 N 0xd7b48
0x878a50c0 N 0x878a50c4
0x459b9a00 N 0x459b9a04
0x51c N 0x520
0x878a50c0 N 0x878a50c4
0x518 N 0x51c
0xd7b44 N 0xd7b48
0xf9c N 0xfa0
0x73b50 N 0x73b54
0x459b9a00 N 0x459b9a04
0xf9c N 0xfa0
0x144 N 0x148
0x459b9a00 N 0x459b9a04
0x518 N 0x51c
0x73b50 N 0x73b54
0x51c N 0x520
0x459b9a00 N 0x459b9a04
0x878a50c0 N 0x878a50c4
0xd7b44 N 0xd7b48
0x878a50c0 N 0x878a50c4
0xf9c N 0xfa0
0x73b50 N 0x73b54
0x459b9a00 N 0x459b9a04
0x459b9a00 N 0x459b9a04
0x73b50 N 0x73b54
0x144 N 0x148
0x518 N 0x51c
0x51c N 0x520
0xf9c N 0xfa0
0x51c N 0x520
0x878a50c0 N 0x878a50c4
0x144 N 0x148
0xd7b44 N 0xd7b48
0x144 N 0x148
0xf9c N 0xfa0
0x144 N 0x148
0x878a50c0 N 0x878a50c4
0xf9c N 0xfa0
0xd7b44 N 0xd7b48
0x51c N 0x520
0x144 N 0x148
0x144 N 0x148
0xf9c N 0xfa0
0x518 N 0x51c
0x73b50 N 0x73b54
0x51c N 0x520
0x878a50c0 N 0x878a50c4
0x144 N 0x148
0x518 N 0x51c
0x878a50c0 N 0x878a50c4
0x73b50 N 0x73b54
0x73b50 N 0x73b54
0x73b50 N 0x73b54
0x878a50c0 N 0x878a50c4
0x144 N 0x148
0x73b50 N 0x73b54
0x73b50 N 0x73b54
0xf9c N 0xfa0
0x73b50 N 0x73b54
0x518 N 0x51c
0x51c N 0x520
0x518 N 0x51c
0x459b9a00 N 0x459b9a04
0xf9c N 0xfa0
0x518 N 0x51c
0x518 N 0x51c
0x459b9a00 N 0x459b9a04
0x878a50c0 N 0x878a50c4
0x459b9a00 N 0x459b9a04
0x51c N 0x520
0x459b9a00 N 0x459b9a04
0xf9c N 0xfa0
0x144 N 0x148
0x144 N 0x148
0x878a50c0 N 0x878a50c4
0xf9c N 0xfa0
0x73b50 N 0x73b54
0x73b50 N 0x73b54
0x878a50c0 N 0x878a50c4
0xd7b44 N 0xd7b48
0x459b9a00 N 0x459b9a04
0x459b9a00 N 0x459b9a04
0x144 N 0x148
0xd7b44 N 0xd7b48
0xd7b44 N 0xd7b48
0x518 N 0x51c
0x878a50c0 N 0x878a50c4
0xf9c N 0xfa0
0x459b9a00 N 0x459b9a04
0x878a50c0 N 0x878a50c4
0x73b50 N 0x73b54
0x878a50c0 N 0x878a50c4
0x73b50 N 0x73b54
0x878a50c0 N 0x878a50c4
0x144 N 0x148
0xf9c N 0xfa0
0x73b50 N 0x73b54
0x73b50 N 0x73b54
0x73b50 N 0x73b54
0xd7b44 N 0xd7b48
0x51c N 0x520
0xd7b44 N 0xd7b48
0x518 N 0x51c
0x73b50 N 0x73b54
0xd7b44 N 0xd7b48
0x73b50 N 0x73b54
0xd7b44 N 0xd7b48
0x73b50 N 0x73b54
0x459b9a00 N 0x459b9a04
0xf9c N 0xfa0
0x518 N 0x51c
0xd7b44 N 0xd7b48
0x144 N 0x148
0x459b9a00 N 0x459b9a04
0x73b50 N 0x73b54
0x73b50 N 0x73b54
0x518 N 0x51c
0x51c N 0x520
0xd7b44 N 0xd7b48
0xd7b44 N 0xd7b48
0xf9c N 0xfa0
0xf9c N 0xfa0
0x73b50 N 0x73b54
0x51c N 0x520
0xd7b44 N 0xd7b48
0x518 N 0x51c
0x518 N 0x51c
0x51c N 0x520
0x73b50 N 0x73b54
0x73b50 N 0x73b54
0x518 N 0x51c
0xf9c N 0xfa0
0x73b50 N 0x73b54
0xf9c N 0xfa0
0x144 N 0x148
0x459b9a00 N 0x459b9a04
0x518 N 0x51c
0x144 N 0x148
0x459b9a00 N 0x459b9a04
0x73b50 N 0x73b54
0x144 N 0x148
0x51c N 0x520
0xd7b44 N 0xd7b48
0x518 N 0x51c
0x459b9a00 N 0x459b9a04
0x878a50c0 N 0x878a50c4
0x878a50c0 N 0x878a50c4
0xd7b44 N 0xd7b48
0x51c N 0x520
0x518 N 0x51c
0x73b50 N 0x73b54
0xd7b44 N 0xd7b48
0x144 N 0x148
0x518 N 0x51c
0x459b9a00 N 0x459b9a04
0x73b50 N 0x73b54
0x51c N 0x520
0x73b50 N 0x73b54
0x459b9a00 N 0x459b9a04
0x459b9a00 N 0x459b9a04
0x518 N 0x51c
0x73b50 N 0x73b54
0x459b9a00 N 0x459b9a04
0x878a50c0 N 0x878a50c4
0x144 N 0x148
0x73b50 N 0x73b54
0x144 N 0x148
0x51c N 0x520
0xd7b44 N 0xd7b48
0x73b50 N 0x73b54
0xd7b44 N 0xd7b48
0x73b50 N 0x73b54
0x878a50c0 N 0x878a50c4
0x459b9a00 N 0x459b9a04
0xf9c N 0xfa0
0xd7b44 N 0xd7b48
0x73b50 N 0x73b54
0x144 N 0x148
0x51c N 0x520
0x878a50c0 N 0x878a50c4
0x518 N 0x51c
0xf9c N 0xfa0
0x878a50c0 N 0x878a50c4
0x459b9a00 N 0x459b9a04
0x144 N 0x148
0x73b50 N 0x73b54
0x459b9a00 N 0x459b9a04
0x73b50 N 0x73b54
0x73b50 N 0x73b54
0x51c N 0x520
0x459b9a00 N 0x459b9a04
0x518 N 0x51c
0xd7b44 N 0xd7b48
0x518 N 0x51c
0xd7b44 N 0xd7b48
0x878a50c0 N 0x878a50c4
0x144 N 0x148
0x878a50c0 N 0x878a50c4
0x144 N 0x148
0x878a50c0 N 0x878a50c4
0x518 N 0x51c
0x518 N 0x51c
0x73b50 N 0x73b54
0x144 N 0x148
0xf9c N 0xfa0
0x51c N 0x520
0xf9c N 0xfa0
0xd7b44 N 0xd7b48
0x459b9a00 N 0x459b9a04
0x144 N 0x148
0x144 N 0x148
0x878a50c0 N 0x878a50c4
0x51c N 0x520
0x51c N 0x520
0x878a50c0 N 0x878a50c4
0x518 N 0x51c
0x144 N 0x148
0x459b9a00 N 0x459b9a04
0x878a50c0 N 0x878a50c4
0x51c N 0x520
0x518 N 0x51c
0x518 N 0x51c
0x459b9a00 N 0x459b9a04
0x518 N 0x51c
0x73b50 N 0x73b54
0x144 N 0x148
0x518 N 0x51c
0x73b50 N 0x73b54
0x51c N 0x520
0x878a50c0 N 0x878a50c4
0x518 N 0x51c
0x51c N 0x520
0xd7b44 N 0xd7b48
0xf9c N 0xfa0
0xd7b44 N 0xd7b48
0x518 N 0x51c
0x73b50 N 0x73b54
0x144 N 0x148
0xf9c N 0xfa0
0x73b50 N 0x73b54
0x459b9a00 N 0x459b9a04
0xf9c N 0xfa0
0xf9c N 0xfa0
0xd7b44 N 0xd7b48
0x51c N 0x520
0x51c N 0x520
0xd7b44 N 0xd7b48
0x73b50 N 0x73b54
0xd7b44 N 0xd7b48
0xd7b44 N 0xd7b48
0x518 N 0x51c
0x459b9a00 N 0x459b9a04
0x73b50 N 0x73b54
0x144 N 0x148
0x73b50 N 0x73b54
0xf9c N 0xfa0
0x73b50 N 0x73b54
0x518 N 0x51c
0xf9c N 0xfa0
0x51c N 0x520
0x51c N 0x520
0x51c N 0x520
0x878a50c0 N 0x878a50c4
0x144 N 0x148
0x51c N 0x520
0x459b9a00 N 0x459b9a04
0x518 N 0x51c
0x878a50c0 N 0x878a50c4
0x73b50 N 0x73b54
0xd7b44 N 0xd7b48
0x518 N 0x51c
0x459b9a00 N 0x459b9a04
0x878a50c0 N 0x878a50c4
0x459b9a00 N 0x459b9a04
0x73b50 N 0x73b54
0x144 N 0x148
0x518 N 0x51c
0x144 N 0x148
0x459b9a00 N 0x459b9a04
0xd7b44 N 0xd7b48
0x51c N 0x520
0xd7b44 N 0xd7b48
0xf9c N 0xfa0
0x51c N 0x520
0xd7b44 N 0xd7b48
0x144 N 0x148
0x518 N 0x51c
0xd7b44 N 0xd7b48
0x459b9a00 N 0x459b9a04
0x459b9a00 N 0x459b9a04
0x518 N 0x51c
0x459b9a00 N 0x459b9a04
0x459b9a00 N 0x459b9a04
0x51c N 0x520
0xf9c N 0xfa0
0xf9c N 0xfa0
0x518 N 0x51c
0x459b9a00 N 0x459b9a04
0x518 N 0x51c
0x518 N 0x51c
0x459b9a00 N 0x459b9a04
0x459b9a00 N 0x459b9a04
0x518 N 0x51c
0x459b9a00 N 0x459b9a04
0x878a50c0 N 0x878a50c4
0xd7b44 N 0xd7b48
0x878a50c0 N 0x878a50c4
0x878a50c0 N 0x878a50c4
0x459b9a00 N 0x459b9a04
0x518 N 0x51c
0x144 N 0x148
0x144 N 0x148
0x144 N 0x148
0xf9c N 0xfa0
0x518 N 0x51c
0x878a50c0 N 0x878a50c4
0x878a50c0 N 0x878a50c4
0xf9c N 0xfa0
0xf9c N 0xfa0
0xf9c N 0xfa0
0x878a50c0 N 0x878a50c4
0x144 N 0x148
0x459b9a00 N 0x459b9a04
0x144 N 0x148
0x144 N 0x148
0xd7b44 N 0xd7b48
0x518 N 0x51c
0x878a50c0 N 0x878a50c4
0xf9c N 0xfa0
0x51c N 0x520
0x878a50c0 N 0x878a50c4
0x459b9a00 N 0x459b9a04
0x51c N 0x520
0x144 N 0x148
0x73b50 N 0x73b54
0x144 N 0x148
0x518 N 0x51c
0xd7b44 N 0xd7b48
0x73b50 N 0x73b54
0xf9c N 0xfa0
0xd7b44 N 0xd7b48
0x459b9a00 N 0x459b9a04
0x144 N 0x148
0xd7b44 N 0xd7b48
0x73b50 N 0x73b54
0xf9c N 0xfa0
0xd7b44 N 0xd7b48
0xf9c N 0xfa0
0x459b9a00 N 0x459b9a04
0xf9c N 0xfa0
0xd7b44 N 0xd7b48
0xf9c N 0xfa0
0xf9c N 0xfa0
0xf9c N 0xfa0
0x73b50 N 0x73b54
0x518 N 0x51c
0x518 N 0x51c
0x878a50c0 N 0x878a50c4
0x878a50c0 N 0x878a50c4
0x144 N 0x148
0x144 N 0x148
0x459b9a00 N 0x459b9a04
0xd7b44 N 0xd7b48
0x51c N 0x520
0xd7b44 N 0xd7b48
0x51c N 0x520
0x878a50c0 N 0x878a50c4
0x518 N 0x51c
0x73b50 N 0x73b54
0x144 N 0x148
0x51c N 0x520
0xd7b44 N 0xd7b48
0x878a50c0 N 0x878a50c4
0x459b9a00 N 0x459b9a04
0x459b9a00 N 0x459b9a04
0x144 N 0x148
0xd7b44 N 0xd7b48
0x459b9a00 N 0x459b9a04
0x518 N 0x51c
0xd7b44 N 0xd7b48
0x878a50c0 N 0x878a50c4
0x73b50 N 0x73b54
0x518 N 0x51c
0x73b50 N 0x73b54
0x459b9a00 N 0x459b9a04
0xd7b44 N 0xd7b48
0x518 N 0x51c
0xd7b44 N 0xd7b48
0xf9c N 0xfa0
0xd7b44 N 0xd7b48
0x518 N 0x51c
0xf9c N 0xfa0
0xd7b44 N 0xd7b48
0xd7b44 N 0xd7b48
0x51c N 0x520
0x144 N 0x148
0x51c N 0x520
0x51c N 0x520
0xf9c N 0xfa0
0x144 N 0x148
0x459b9a00 N 0x459b9a04
0xd7b44 N 0xd7b48
0x73b50 N 0x73b54
0x51c N 0x520
0xf9c N 0xfa0
0x51c N 0x520
0x51c N 0x520
0x518 N 0x51c
0xf9c N 0xfa0
0x73b50 N 0x73b54
0x518 N 0x51c
0x51c N 0x520
0x73b50 N 0x73b54
0xf9c N 0xfa0
0xd7b44 N 0xd7b48
0x459b9a00 N 0x459b9a04
0xd7b44 N 0xd7b48
0x51c N 0x520
0x144 N 0x148
0xf9c N 0xfa0
0x73b50 N 0x73b54
0x144 N 0x148
0x518 N 0x51c
0x518 N 0x51c
0x518 N 0x51c
0x518 N 0x51c
0x144 N 0x148
0x73b50 N 0x73b54
0xd7b44 N 0xd7b48
0xf9c N 0xfa0
0xf9c N 0xfa0
0x878a50c0 N 0x878a50c4
0xd7b44 N 0xd7b48
0xd7b44 N 0xd7b48
0x878a50c0 N 0x878a50c4
0xd7b44 N 0xd7b48
0x51c N 0x520
0x878a50c0 N 0x878a50c4
0x51c N 0x520
0xf9c N 0xfa0
0x73b50 N 0x73b54
0x144 N 0x148
0x73b50 N 0x73b54
0xd7b44 N 0xd7b48
0xd7b44 N 0xd7b48
0x51c N 0x520
0x51c N 0x520
0x459b9a00 N 0x459b9a04
0x73b50 N 0x73b54
0x73b50 N 0x73b54
0xf9c N 0xfa0
0x73b50 N 0x73b54
0xf9c N 0xfa0
0x144 N 0x148
0x878a50c0 N 0x878a50c4
0x73b50 N 0x73b54
0x878a50c0 N 0x878a50c4
0xd7b44 N 0xd7b48
0xf9c N 0xfa0
0x73b50 N 0x73b54
0x144 N 0x148
0x51c N 0x520
0x144 N 0x148
0x518 N 0x51c
0xd7b44 N 0xd7b48
0xf9c N 0xfa0
0x518 N 0x51c
0xd7b44 N 0xd7b48
0x518 N 0x51c
0xf9c N 0xfa0
0x73b50 N 0x73b54
0x73b50 N 0x73b54
0x459b9a00 N 0x459b9a04
0xf9c N 0xfa0
0x459b9a00 N 0x459b9a04
0x518 N 0x51c
0x51c N 0x520
0x878a50c0 N 0x878a50c4
0x878a50c0 N 0x878a50c4
0x878a50c0 N 0x878a50c4
0x518 N 0x51c
0xd7b44 N 0xd7b48
0x51c N 0x520
0x459b9a00 N 0x459b9a04
0xf9c N 0xfa0
0x459b9a00 N 0x459b9a04
0xd7b44 N 0xd7b48
0x459b9a00 N 0x459b9a04
0xd7b44 N 0xd7b48
0x878a50c0 N 0x878a50c4
0x51c N 0x520
0x459b9a00 N 0x459b9a04
0xd7b44 N 0xd7b48
0x144 N 0x148
0x144 N 0x148
0xd7b44 N 0xd7b48
0x51c N 0x520
0x518 N 0x51c
0x51c N 0x520
0x459b9a00 N 0x459b9a04
0x878a50c0 N 0x878a50c4
0x459b9a00 N 0x459b9a04
0xd7b44 N 0xd7b48
0x73b50 N 0x73b54
0x518 N 0x51c
0x518 N 0x51c
0xf9c N 0xfa0
0x878a50c0 N 0x878a50c4
0x518 N 0x51c
0x878a50c0 N 0x878a50c4
0x51c N 0x520
0xd7b44 N 0xd7b48
0xd7b44 N 0xd7b48
0x878a50c0 N 0x878a50c4
0x518 N 0x51c
0xf9c N 0xfa0
0x878a50c0 N 0x878a50c4
0xf9c N 0xfa0
0x73b50 N 0x73b54
0x878a50c0 N 0x878a50c4
0xd7b44 N 0xd7b48
0x518 N 0x51c
0x51c N 0x520
0x144 N 0x148
0x73b50 N 0x73b54
0x144 N 0x148
0x878a50c0 N 0x878a50c4
0xd7b44 N 0xd7b48
0x518 N 0x51c
0x51c N 0x520
0x144 N 0x148
0x144 N 0x148
0x518 N 0x51c
0x51c N 0x520
0x73b50 N 0x73b54
0xd7b44 N 0xd7b48
0x144 N 0x148
0x518 N 0x51c
0x518 N 0x51c
0xd7b44 N 0xd7b48
0x459b9a00 N 0x459b9a04
0xd7b44 N 0xd7b48
0x518 N 0x51c
0xd7b44 N 0xd7b48
0x51c N 0x520
0x73b50 N 0x73b54
0x459b9a00 N 0x459b9a04
0x73b50 N 0x73b54
0x518 N 0x51c
0x51c N 0x520
0xd7b44 N 0xd7b48
0xd7b44 N 0xd7b48
0xf9c N 0xfa0
0x518 N 0x51c
0x459b9a00 N 0x459b9a04
0x51c N 0x520
0x518 N 0x51c
0x518 N 0x51c
0x51c N 0x520
0x518 N 0x51c
0x73b50 N 0x73b54
0xd7b44 N 0xd7b48
0xd7b44 N 0xd7b48
0x459b9a00 N 0x459b9a04
0x73b50 N 0x73b54
0x878a50c0 N 0x878a50c4
0x459b9a00 N 0x459b9a04
0x144 N 0x148
0x51c N 0x520
0xd7b44 N 0xd7b48
0x518 N 0x51c
0xd7b44 N 0xd7b48
0x518 N 0x51c
0x459b9a00 N 0x459b9a04
0x51c N 0x520
0x878a50c0 N 0x878a50c4
0x51c N 0x520
0x144 N 0x148
0x878a50c0 N 0x878a50c4
0x144 N 0x148
0xf9c N 0xfa0
0x73b50 N 0x73b54
0xd7b44 N 0xd7b48
0x459b9a00 N 0x459b9a04
0x144 N 0x148
0xf9c N 0xfa0
0x518 N 0x51c
0x878a50c0 N 0x878a50c4
0x144 N 0x148
0xf9c N 0xfa0
0x518 N 0x51c
0x459b9a00 N 0x459b9a04
0x459b9a00 N 0x459b9a04
0x51c N 0x520
0x878a50c0 N 0x878a50c4
0x51c N 0x520
0xd7b44 N 0xd7b48
0x144 N 0x148
0x73b50 N 0x73b54
0xf9c N 0xfa0
0x144 N 0x148
0x73b50 N 0x73b54
0x51c N 0x520
0x51c N 0x520
0x459b9a00 N 0x459b9a04
0xd7b44 N 0xd7b48
0xd7b44 N 0xd7b48
0xf9c N 0xfa0
0x51c N 0x520
0xf9c N 0xfa0
0x459b9a00 N 0x459b9a04
0x878a50c0 N 0x878a50c4
0xf9c N 0xfa0
0x459b9a00 N 0x459b9a04
0xd7b44 N 0xd7b48
0x518 N 0x51c
0xd7b44 N 0xd7b48
0xd7b44 N 0xd7b48
0x73b50 N 0x73b54
0x144 N 0x148
0x144 N 0x148
0x51c N 0x520
0x459b9a00 N 0x459b9a04
0x51c N 0x520
0x73b50 N 0x73b54
0xd7b44 N 0xd7b48
0xd7b44 N 0xd7b48
0x518 N 0x51c
0x878a50c0 N 0x878a50c4
0x51c N 0x520
0x459b9a00 N 0x459b9a04
0x51c N 0x520
0xf9c N 0xfa0
0x518 N 0x51c
0x51c N 0x520
0x51c N 0x520
0x459b9a00 N 0x459b9a04
0x144 N 0x148
0x73b50 N 0x73b54
0x459b9a00 N 0x459b9a04
0x518 N 0x51c
0x518 N 0x51c
0x459b9a00 N 0x459b9a04
0x51c N 0x520
0x73b50 N 0x73b54
0x878a50c0 N 0x878a50c4
0x878a50c0 N 0x878a50c4
0x878a50c0 N 0x878a50c4
0x73b50 N 0x73b54
0x51c N 0x520
0x51c N 0x520
0xf9c N 0xfa0
0xd7b44 N 0xd7b48
0x878a50c0 N 0x878a50c4
0xf9c N 0xfa0
0x144 N 0x148
0x51c N 0x520
0x73b50 N 0x73b54
0x144 N 0x148
0xd7b44 N 0xd7b48
0x73b50 N 0x73b54
0x144 N 0x148
0x73b50 N 0x73b54
0x51c N 0x520
0x878a50c0 N 0x878a50c4
0xf9c N 0xfa0
0x518 N 0x51c
0x51c N 0x520
0x73b50 N 0x73b54
0x518 N 0x51c
0x518 N 0x51c
0x878a50c0 N 0x878a50c4
0x144 N 0x148
0x878a50c0 N 0x878a50c4
0x73b50 N 0x73b54
0x73b50 N 0x73b54
0x144 N 0x148
0xd7b44 N 0xd7b48
0x73b50 N 0x73b54
0x73b50 N 0x73b54
0xd7b44 N 0xd7b48
0x459b9a00 N 0x459b9a04
0x144 N 0x148
0x73b50 N 0x73b54
0xd7b44 N 0xd7b48
0x51c N 0x520
0x144 N 0x148
0xf9c N 0xfa0
0x518 N 0x51c
0x518 N 0x51c
0x459b9a00 N 0x459b9a04
0x878a50c0 N 0x878a50c4
0x518 N 0x51c
0x144 N 0x148
0x144 N 0x148
0x51c N 0x520
0x518 N 0x51c
0x144 N 0x148
0x459b9a00 N 0x459b9a04
0x73b50 N 0x73b54
0x144 N 0x148
0x51c N 0x520
0x878a50c0 N 0x878a50c4
0x518 N 0x51c
0x51c N 0x520
0xf9c N 0xfa0
0x73b50 N 0x73b54
0x73b50 N 0x73b54
0x518 N 0x51c
0x518 N 0x51c
0xd7b44 N 0xd7b48
0x51c N 0x520
0x459b9a00 N 0x459b9a04
0x51c N 0x520
0xf9c N 0xfa0
0x51c N 0x520
0x51c N 0x520
0x73b50 N 0x73b54
0x878a50c0 N 0x878a50c4
0x518 N 0x51c
0x878a50c0 N 0x878a50c4
0xf9c N 0xfa0
0x878a50c0 N 0x878a50c4
0x144 N 0x148
0xf9c N 0xfa0
0x518 N 0x51c
0x73b50 N 0x73b54
0x73b50 N 0x73b54
0x144 N 0x148
0x459b9a00 N 0x459b9a04
0x459b9a00 N 0x459b9a04
0x518 N 0x51c
0x518 N 0x51c
0xf9c N 0xfa0
0x144 N 0x148
0x518 N 0x51c
0xf9c N 0xfa0
0x144 N 0x148
0x144 N 0x148
0x51c N 0x520
0x878a50c0 N 0x878a50c4
0x51c N 0x520
0x51c N 0x520
0x144 N 0x148
0xf9c N 0xfa0
0x878a50c0 N 0x878a50c4
0xf9c N 0xfa0
0x73b50 N 0x73b54
0x878a50c0 N 0x878a50c4
0x518 N 0x51c
0x144 N 0x148
0x73b50 N 0x73b54
0x144 N 0x148
0x878a50c0 N 0x878a50c4
0x73b50 N 0x73b54
0x51c N 0x520
0xd7b44 N 0xd7b48
0x518 N 0x51c
0x73b50 N 0x73b54
0x878a50c0 N 0x878a50c4
0x459b9a00 N 0x459b9a04
0xd7b44 N 0xd7b48
0xd7b44 N 0xd7b48
0xd7b44 N 0xd7b48
0x73b50 N 0x73b54
0x51c N 0x520
0x518 N 0x51c
0x878a50c0 N 0x878a50c4
0x459b9a00 N 0x459b9a04
0x459b9a00 N 0x459b9a04
0x518 N 0x51c
0x73b50 N 0x73b54
0x518 N 0x51c
0x51c N 0x520
0x144 N 0x148
0x73b50 N 0x73b54
0x73b50 N 0x73b54
0x459b9a00 N 0x459b9a04
0xd7b44 N 0xd7b48
0x73b50 N 0x73b54
0xf9c N 0xfa0
0xf9c N 0xfa0
0x51c N 0x520
0x459b9a00 N 0x459b9a04
0x73b50 N 0x73b54
0x459b9a00 N 0x459b9a04
0xd7b44 N 0xd7b48
0xf9c N 0xfa0
0x51c N 0x520
0xf9c N 0xfa0
0xf9c N 0xfa0
0x459b9a00 N 0x459b9a04
0xd7b44 N 0xd7b48
0x51c N 0x520
0x459b9a00 N 0x459b9a04
0x459b9a00 N 0x459b9a04
0x51c N 0x520
0x51c N 0x520
0x459b9a00 N 0x459b9a04
0xd7b44 N 0xd7b48
0xd7b44 N 0xd7b48
0x518 N 0x51c
0x459b9a00 N 0x459b9a04
0x144 N 0x148
0xd7b44 N 0xd7b48
0x51c N 0x520
0xd7b44 N 0xd7b48
0x459b9a00 N 0x459b9a04
0x51c N 0x520
0x878a50c0 N 0x878a50c4
0x878a50c0 N 0x878a50c4
0xd7b44 N 0xd7b48
0x518 N 0x51c
0x73b50 N 0x73b54
0x51c N 0x520
0x144 N 0x148
0x73b50 N 0x73b54
0xf9c N 0xfa0
0x51c N 0x520
0x144 N 0x148
0x73b50 N 0x73b54
0xf9c N 0xfa0
0x144 N 0x148
0xd7b44 N 0xd7b48
0xd7b44 N 0xd7b48
0x144 N 0x148
0xf9c N 0xfa0
0xf9c N 0xfa0
0x73b50 N 0x73b54
0x518 N 0x51c
0xf9c N 0xfa0
0xf9c N 0xfa0
0xd7b44 N 0xd7b48
0xd7b44 N 0xd7b48
0x878a50c0 N 0x878a50c4
0x144 N 0x148
0x73b50 N 0x73b54
0xf9c N 0xfa0
0x73b50 N 0x73b54
0x73b50 N 0x73b54
0x518 N 0x51c
0x518 N 0x51c
0x51c N 0x520
0x878a50c0 N 0x878a50c4
0x144 N 0x148
0x51c N 0x520
0x144 N 0x148
0x518 N 0x51c
0xd7b44 N 0xd7b48
0x144 N 0x148
0x459b9a00 N 0x459b9a04
0x51c N 0x520
0x459b9a00 N 0x459b9a04
0xd7b44 N 0xd7b48
0x51c N 0x520
0x51c N 0x520
0xf9c N 0xfa0
0x73b50 N 0x73b54
0xf9c N 0xfa0
0x51c N 0x520
0xd7b44 N 0xd7b48
0x518 N 0x51c
0x73b50 N 0x73b54
0x73b50 N 0x73b54
0x73b50 N 0x73b54
0x878a50c0 N 0x878a50c4
0x459b9a00 N 0x459b9a04
0xd7b44 N 0xd7b48
0x878a50c0 N 0x878a50c4
0x144 N 0x148
0xf9c N 0xfa0
0x878a50c0 N 0x878a50c4
0xf9c N 0xfa0
0x73b50 N 0x73b54
0xd7b44 N 0xd7b48
0xf9c N 0xfa0
0xd7b44 N 0xd7b48
0xd7b44 N 0xd7b48
0xd7b44 N 0xd7b48
0xf9c N 0xfa0
0x144 N 0x148
0x459b9a00 N 0x459b9a04
0xf9c N 0xfa0
0xf9c N 0xfa0
0x73b50 N 0x73b54
0x51c N 0x520
0xd7b44 N 0xd7b48
0xf9c N 0xfa0
0x878a50c0 N 0x878a50c4
0xd7b44 N 0xd7b48
0x51c N 0x520
0x459b9a00 N 0x459b9a04
0xf9c N 0xfa0
0x518 N 0x51c
0xf9c N 0xfa0
0x518 N 0x51c
0x518 N 0x51c
0xd7b44 N 0xd7b48
0xd7b44 N 0xd7b48
0xf9c N 0xfa0
0x73b50 N 0x73b54
0xd7b44 N 0xd7b48
0x878a50c0 N 0x878a50c4
0xf9c N 0xfa0
0x459b9a00 N 0x459b9a04
0x144 N 0x148
0x518 N 0x51c
0x518 N 0x51c
0x144 N 0x148
0x518 N 0x51c
0xd7b44 N 0xd7b48
0xf9c N 0xfa0
0x518 N 0x51c
0xd7b44 N 0xd7b48
0xf9c N 0xfa0
0x459b9a00 N 0x459b9a04
0xd7b44 N 0xd7b48
0x73b50 N 0x73b54
0x144 N 0x148
0xd7b44 N 0xd7b48
0x459b9a00 N 0x459b9a04
0x73b50 N 0x73b54
0x878a50c0 N 0x878a50c4
0x144 N 0x148
0x144 N 0x148
0xd7b44 N 0xd7b48
0x459b9a00 N 0x459b9a04
0x73b50 N 0x73b54
0xf9c N 0xfa0
0x144 N 0x148
0xf9c N 0xfa0
0x518 N 0x51c
0xd7b44 N 0xd7b48
0x51c N 0x520
0x518 N 0x51c
0x51c N 0x520
0x518 N 0x51c
0x51c N 0x520
0x73b50 N 0x73b54
0x878a50c0 N 0x878a50c4
0x459b9a00 N 0x459b9a04
0x518 N 0x51c
0x144 N 0x148
0x459b9a00 N 0x459b9a04
0xf9c N 0xfa0
0x51c N 0x520
0x459b9a00 N 0x459b9a04
0x459b9a00 N 0x459b9a04
0xd7b44 N 0xd7b48
0x51c N 0x520
0x144 N 0x148
0x144 N 0x148
0xd7b44 N 0xd7b48
0x878a50c0 N 0x878a50c4
0x878a50c0 N 0x878a50c4
0xf9c N 0xfa0
0x878a50c0 N 0x878a50c4
0x51c N 0x520
0x518 N 0x51c
0x459b9a00 N 0x459b9a04
0x144 N 0x148
0x51c N 0x520
0x459b9a00 N 0x459b9a04
0x878a50c0 N 0x878a50c4
0x459b9a00 N 0x459b9a04
0x878a50c0 N 0x878a50c4
0x73b50 N 0x73b54
0x51c N 0x520
0x73b50 N 0x73b54
0x878a50c0 N 0x878a50c4
0x518 N 0x51c
0xf9c N 0xfa0
0x518 N 0x51c
0x73b50 N 0x73b54
0xf9c N 0xfa0
0x144 N 0x148
0x459b9a00 N 0x459b9a04
0x459b9a00 N 0x459b9a04
0x459b9a00 N 0x459b9a04
0xd7b44 N 0xd7b48
0xd7b44 N 0xd7b48
0xd7b44 N 0xd7b48
0x878a50c0 N 0x878a50c4
0xd7b44 N 0xd7b48
0x51c N 0x520
0x73b50 N 0x73b54
0x518 N 0x51c
0x144 N 0x148
0x518 N 0x51c
0xd7b44 N 0xd7b48
0x73b50 N 0x73b54
0xd7b44 N 0xd7b48
0xf9c N 0xfa0
0x73b50 N 0x73b54
0x51c N 0x520
0x73b50 N 0x73b54
0x878a50c0 N 0x878a50c4
0x878a50c0 N 0x878a50c4
0x459b9a00 N 0x459b9a04
0x459b9a00 N 0x459b9a04
0x144 N 0x148
0x51c N 0x520
0x144 N 0x148
0xd7b44 N 0xd7b48
0x51c N 0x520
0xd7b44 N 0xd7b48
0x51c N 0x520
0x73b50 N 0x73b54
0x878a50c0 N 0x878a50c4
0x878a50c0 N 0x878a50c4
0x518 N 0x51c
0x73b50 N 0x73b54
0x144 N 0x148
0xf9c N 0xfa0
0x51c N 0x520
0x878a50c0 N 0x878a50c4
0x73b50 N 0x73b54
0xd7b44 N 0xd7b48
0x459b9a00 N 0x459b9a04
0x518 N 0x51c
0x878a50c0 N 0x878a50c4
0x878a50c0 N 0x878a50c4
0x459b9a00 N 0x459b9a04
0x459b9a00 N 0x459b9a04
0x878a50c0 N 0x878a50c4
0x459b9a00 N 0x459b9a04
0xd7b44 N 0xd7b48
0x518 N 0x51c
0x73b50 N 0x73b54
0xf9c N 0xfa0
0xd7b44 N 0xd7b48
0xf9c N 0xfa0
0x51c N 0x520
0x878a50c0 N 0x878a50c4
0x518 N 0x51c
0x518 N 0x51c
0x878a50c0 N 0x878a50c4
0x518 N 0x51c
0xd7b44 N 0xd7b48
0x459b9a00 N 0x459b9a04
0x878a50c0 N 0x878a50c4
0x144 N 0x148
0xd7b44 N 0xd7b48
0x73b50 N 0x73b54
0xd7b44 N 0xd7b48
0xf9c N 0xfa0
0x73b50 N 0x73b54
0x51c N 0x520
0x144 N 0x148
0x144 N 0x148
0x459b9a00 N 0x459b9a04
0x518 N 0x51c
0xf9c N 0xfa0
0xf9c N 0xfa0
0x73b50 N 0x73b54
0x144 N 0x148
0x144 N 0x148
0x144 N 0x148
0x51c N 0x520
0x878a50c0 N 0x878a50c4
0xd7b44 N 0xd7b48
0xf9c N 0xfa0
0x73b50 N 0x73b54
0x51c N 0x520
0x878a50c0 N 0x878a50c4
0x144 N 0x148
0xf9c N 0xfa0
0xd7b44 N 0xd7b48
0x144 N 0x148
0x51c N 0x520
0x51c N 0x520
0x73b50 N 0x73b54
0xd7b44 N 0xd7b48
0x518 N 0x51c
0x51c N 0x520
0x518 N 0x51c
0x878a50c0 N 0x878a50c4
0x878a50c0 N 0x878a50c4
0x51c N 0x520
0x144 N 0x148
0x73b50 N 0x73b54
0x459b9a00 N 0x459b9a04
0x73b50 N 0x73b54
0x518 N 0x51c
0x144 N 0x148
0x878a50c0 N 0x878a50c4
0xf9c N 0xfa0
0x459b9a00 N 0x459b9a04
0x73b50 N 0x73b54
0x51c N 0x520
0x878a50c0 N 0x878a50c4
0x73b50 N 0x73b54
0x459b9a00 N 0x459b9a04
0x144 N 0x148
0x73b50 N 0x73b54
0x73b50 N 0x73b54
0x518 N 0x51c
0x878a50c0 N 0x878a50c4
0xf9c N 0xfa0
0x144 N 0x148
0x459b9a00 N 0x459b9a04
0x459b9a00 N 0x459b9a04
0x878a50c0 N 0x878a50c4
0x878a50c0 N 0x878a50c4
0x518 N 0x51c
0xf9c N 0xfa0
0x144 N 0x148
0x459b9a00 N 0x459b9a04
0x459b9a00 N 0x459b9a04
0x51c N 0x520
0x73b50 N 0x73b54
0x878a50c0 N 0x878a50c4
0x878a50c0 N 0x878a50c4
0x518 N 0x51c
0x73b50 N 0x73b54
0x144 N 0x148
0xd7b44 N 0xd7b48
0x518 N 0x51c
0xf9c N 0xfa0
0x73b50 N 0x73b54
0x73b50 N 0x73b54
0x144 N 0x148
0x73b50 N 0x73b54
0x459b9a00 N 0x459b9a04
0x518 N 0x51c
0x878a50c0 N 0x878a50c4
0x459b9a00 N 0x459b9a04
0xd7b44 N 0xd7b48
0x144 N 0x148
0x878a50c0 N 0x878a50c4
0x878a50c0 N 0x878a50c4
0x144 N 0x148
0x878a50c0 N 0x878a50c4
0x459b9a00 N 0x459b9a04
0x51c N 0x520
0xd7b44 N 0xd7b48
0xf9c N 0xfa0
0x878a50c0 N 0x878a50c4
0x518 N 0x51c
0x459b9a00 N 0x459b9a04
0x878a50c0 N 0x878a50c4
0xd7b44 N 0xd7b48
0xf9c N 0xfa0
0x73b50 N 0x73b54
0xf9c N 0xfa0
0x878a50c0 N 0x878a50c4
0x73b50 N 0x73b54
0x51c N 0x520
0x144 N 0x148
0xf9c N 0xfa0
0x459b9a00 N 0x459b9a04
0x459b9a00 N 0x459b9a04
0x73b50 N 0x73b54
0x51c N 0x520
0xd7b44 N 0xd7b48
0x459b9a00 N 0x459b9a04
0xd7b44 N 0xd7b48
0x73b50 N 0x73b54
0x144 N 0x148
0x144 N 0x148
0x144 N 0x148
0x878a50c0 N 0x878a50c4
0xd7b44 N 0xd7b48
0x73b50 N 0x73b54
0xf9c N 0xfa0
0x144 N 0x148
0xf9c N 0xfa0
0xd7b44 N 0xd7b48
0x51c N 0x520
0x51c N 0x520
0x73b50 N 0x73b54
0x73b50 N 0x73b54
0x144 N 0x148
0x73b50 N 0x73b54
0xf9c N 0xfa0
0x51c N 0x520
0x73b50 N 0x73b54
0x144 N 0x148
0x878a50c0 N 0x878a50c4
0xf9c N 0xfa0
0xf9c N 0xfa0
0xd7b44 N 0xd7b48
0x51c N 0x520
0x144 N 0x148
0x878a50c0 N 0x878a50c4
0x73b50 N 0x73b54
0x878a50c0 N 0x878a50c4
0xf9c N 0xfa0
0x73b50 N 0x73b54
0x459b9a00 N 0x459b9a04
0x73b50 N 0x73b54
0xf9c N 0xfa0
0x51c N 0x520
0x51c N 0x520
0xd7b44 N 0xd7b48
0x51c N 0x520
0x518 N 0x51c
0x51c N 0x520
0x878a50c0 N 0x878a50c4
0x144 N 0x148
0x144 N 0x148
0xf9c N 0xfa0
0x73b50 N 0x73b54
0x73b50 N 0x73b54
0x51c N 0x520
0x518 N 0x51c
0xd7b44 N 0xd7b48
0x51c N 0x520
0x518 N 0x51c
0xd7b44 N 0xd7b48
0x73b50 N 0x73b54
0xf9c N 0xfa0
0xd7b44 N 0xd7b48
0x144 N 0x148
0x73b50 N 0x73b54
0x518 N 0x51c
0x144 N 0x148
0x51c N 0x520
0xf9c N 0xfa0
0x73b50 N 0x73b54
0x73b50 N 0x73b54
0xd7b44 N 0xd7b48
0x518 N 0x51c
0x144 N 0x148
0x144 N 0x148
0xd7b44 N 0xd7b48
0x518 N 0x51c
0x878a50c0 N 0x878a50c4
0x518 N 0x51c
0x878a50c0 N 0x878a50c4
0x878a50c0 N 0x878a50c4
0x51c N 0x520
0x518 N 0x51c
0xf9c N 0xfa0
0x144 N 0x148
0x878a50c0 N 0x878a50c4
0x878a50c0 N 0x878a50c4
0xf9c N 0xfa0
0x144 N 0x148
0x518 N 0x51c
0x73b50 N 0x73b54
0x518 N 0x51c
0x144 N 0x148
0xd7b44 N 0xd7b48
flush_num: 759, br_num: 1486, size: 41b
